Archive member included to satisfy reference by file (symbol)

c:/st/stm32cubeide_1.0.1/stm32cubeide/plugins/com.st.stm32cube.ide.mcu.externaltools.gnu-tools-for-stm32.7-2018-q2-update.win32_1.0.0.201904181610/tools/bin/../lib/gcc/arm-none-eabi/7.3.1/../../../../arm-none-eabi/lib/thumb/v7e-m/fpv4-sp/hard\libstdc++_nano.a(del_ops.o)
                              Src/AudioPlayer.o (operator delete(void*, unsigned int))
c:/st/stm32cubeide_1.0.1/stm32cubeide/plugins/com.st.stm32cube.ide.mcu.externaltools.gnu-tools-for-stm32.7-2018-q2-update.win32_1.0.0.201904181610/tools/bin/../lib/gcc/arm-none-eabi/7.3.1/../../../../arm-none-eabi/lib/thumb/v7e-m/fpv4-sp/hard\libstdc++_nano.a(del_op.o)
                              c:/st/stm32cubeide_1.0.1/stm32cubeide/plugins/com.st.stm32cube.ide.mcu.externaltools.gnu-tools-for-stm32.7-2018-q2-update.win32_1.0.0.201904181610/tools/bin/../lib/gcc/arm-none-eabi/7.3.1/../../../../arm-none-eabi/lib/thumb/v7e-m/fpv4-sp/hard\libstdc++_nano.a(del_ops.o) (operator delete(void*))
c:/st/stm32cubeide_1.0.1/stm32cubeide/plugins/com.st.stm32cube.ide.mcu.externaltools.gnu-tools-for-stm32.7-2018-q2-update.win32_1.0.0.201904181610/tools/bin/../lib/gcc/arm-none-eabi/7.3.1/../../../../arm-none-eabi/lib/thumb/v7e-m/fpv4-sp/hard\libc_nano.a(lib_a-errno.o)
                              Src/syscalls.o (__errno)
c:/st/stm32cubeide_1.0.1/stm32cubeide/plugins/com.st.stm32cube.ide.mcu.externaltools.gnu-tools-for-stm32.7-2018-q2-update.win32_1.0.0.201904181610/tools/bin/../lib/gcc/arm-none-eabi/7.3.1/../../../../arm-none-eabi/lib/thumb/v7e-m/fpv4-sp/hard\libc_nano.a(lib_a-exit.o)
                              c:/st/stm32cubeide_1.0.1/stm32cubeide/plugins/com.st.stm32cube.ide.mcu.externaltools.gnu-tools-for-stm32.7-2018-q2-update.win32_1.0.0.201904181610/tools/bin/../lib/gcc/arm-none-eabi/7.3.1/../../../../arm-none-eabi/lib/thumb/v7e-m/fpv4-sp/hard/crt0.o (exit)
c:/st/stm32cubeide_1.0.1/stm32cubeide/plugins/com.st.stm32cube.ide.mcu.externaltools.gnu-tools-for-stm32.7-2018-q2-update.win32_1.0.0.201904181610/tools/bin/../lib/gcc/arm-none-eabi/7.3.1/../../../../arm-none-eabi/lib/thumb/v7e-m/fpv4-sp/hard\libc_nano.a(lib_a-impure.o)
                              c:/st/stm32cubeide_1.0.1/stm32cubeide/plugins/com.st.stm32cube.ide.mcu.externaltools.gnu-tools-for-stm32.7-2018-q2-update.win32_1.0.0.201904181610/tools/bin/../lib/gcc/arm-none-eabi/7.3.1/../../../../arm-none-eabi/lib/thumb/v7e-m/fpv4-sp/hard\libc_nano.a(lib_a-exit.o) (_global_impure_ptr)
c:/st/stm32cubeide_1.0.1/stm32cubeide/plugins/com.st.stm32cube.ide.mcu.externaltools.gnu-tools-for-stm32.7-2018-q2-update.win32_1.0.0.201904181610/tools/bin/../lib/gcc/arm-none-eabi/7.3.1/../../../../arm-none-eabi/lib/thumb/v7e-m/fpv4-sp/hard\libc_nano.a(lib_a-init.o)
                              c:/st/stm32cubeide_1.0.1/stm32cubeide/plugins/com.st.stm32cube.ide.mcu.externaltools.gnu-tools-for-stm32.7-2018-q2-update.win32_1.0.0.201904181610/tools/bin/../lib/gcc/arm-none-eabi/7.3.1/../../../../arm-none-eabi/lib/thumb/v7e-m/fpv4-sp/hard/crt0.o (__libc_init_array)
c:/st/stm32cubeide_1.0.1/stm32cubeide/plugins/com.st.stm32cube.ide.mcu.externaltools.gnu-tools-for-stm32.7-2018-q2-update.win32_1.0.0.201904181610/tools/bin/../lib/gcc/arm-none-eabi/7.3.1/../../../../arm-none-eabi/lib/thumb/v7e-m/fpv4-sp/hard\libc_nano.a(lib_a-malloc.o)
                              c:/st/stm32cubeide_1.0.1/stm32cubeide/plugins/com.st.stm32cube.ide.mcu.externaltools.gnu-tools-for-stm32.7-2018-q2-update.win32_1.0.0.201904181610/tools/bin/../lib/gcc/arm-none-eabi/7.3.1/../../../../arm-none-eabi/lib/thumb/v7e-m/fpv4-sp/hard\libstdc++_nano.a(del_op.o) (free)
c:/st/stm32cubeide_1.0.1/stm32cubeide/plugins/com.st.stm32cube.ide.mcu.externaltools.gnu-tools-for-stm32.7-2018-q2-update.win32_1.0.0.201904181610/tools/bin/../lib/gcc/arm-none-eabi/7.3.1/../../../../arm-none-eabi/lib/thumb/v7e-m/fpv4-sp/hard\libc_nano.a(lib_a-memcpy-stub.o)
                              Middlewares/FatFs/ff.o (memcpy)
c:/st/stm32cubeide_1.0.1/stm32cubeide/plugins/com.st.stm32cube.ide.mcu.externaltools.gnu-tools-for-stm32.7-2018-q2-update.win32_1.0.0.201904181610/tools/bin/../lib/gcc/arm-none-eabi/7.3.1/../../../../arm-none-eabi/lib/thumb/v7e-m/fpv4-sp/hard\libc_nano.a(lib_a-memset.o)
                              c:/st/stm32cubeide_1.0.1/stm32cubeide/plugins/com.st.stm32cube.ide.mcu.externaltools.gnu-tools-for-stm32.7-2018-q2-update.win32_1.0.0.201904181610/tools/bin/../lib/gcc/arm-none-eabi/7.3.1/../../../../arm-none-eabi/lib/thumb/v7e-m/fpv4-sp/hard/crt0.o (memset)
c:/st/stm32cubeide_1.0.1/stm32cubeide/plugins/com.st.stm32cube.ide.mcu.externaltools.gnu-tools-for-stm32.7-2018-q2-update.win32_1.0.0.201904181610/tools/bin/../lib/gcc/arm-none-eabi/7.3.1/../../../../arm-none-eabi/lib/thumb/v7e-m/fpv4-sp/hard\libc_nano.a(lib_a-nano-freer.o)
[...]
Memory Configuration

Name             Origin             Length             Attributes
FLASH            0x0000000008000000 0x0000000000080000 xr
CCMRAM           0x0000000010000000 0x0000000000010000 xrw
RAM              0x0000000020000000 0x0000000000020000 xrw
*default*        0x0000000000000000 0xffffffffffffffff

Linker script and memory map

LOAD c:/st/stm32cubeide_1.0.1/stm32cubeide/plugins/com.st.stm32cube.ide.mcu.externaltools.gnu-tools-for-stm32.7-2018-q2-update.win32_1.0.0.201904181610/tools/bin/../lib/gcc/arm-none-eabi/7.3.1/thumb/v7e-m/fpv4-sp/hard/crti.o
LOAD c:/st/stm32cubeide_1.0.1/stm32cubeide/plugins/com.st.stm32cube.ide.mcu.externaltools.gnu-tools-for-stm32.7-2018-q2-update.win32_1.0.0.201904181610/tools/bin/../lib/gcc/arm-none-eabi/7.3.1/thumb/v7e-m/fpv4-sp/hard/crtbegin.o
LOAD c:/st/stm32cubeide_1.0.1/stm32cubeide/plugins/com.st.stm32cube.ide.mcu.externaltools.gnu-tools-for-stm32.7-2018-q2-update.win32_1.0.0.201904181610/tools/bin/../lib/gcc/arm-none-eabi/7.3.1/../../../../arm-none-eabi/lib/thumb/v7e-m/fpv4-sp/hard/crt0.o
LOAD Drivers/STM32F4xx_HAL_Driver/stm32f4xx_hal.o
LOAD Drivers/STM32F4xx_HAL_Driver/stm32f4xx_hal_cortex.o
LOAD Drivers/STM32F4xx_HAL_Driver/stm32f4xx_hal_dac.o
LOAD Drivers/STM32F4xx_HAL_Driver/stm32f4xx_hal_dac_ex.o
LOAD Drivers/STM32F4xx_HAL_Driver/stm32f4xx_hal_dma.o
LOAD Drivers/STM32F4xx_HAL_Driver/stm32f4xx_hal_dma_ex.o
LOAD Drivers/STM32F4xx_HAL_Driver/stm32f4xx_hal_exti.o
LOAD Drivers/STM32F4xx_HAL_Driver/stm32f4xx_hal_flash.o
LOAD Drivers/STM32F4xx_HAL_Driver/stm32f4xx_hal_flash_ex.o
LOAD Drivers/STM32F4xx_HAL_Driver/stm32f4xx_hal_flash_ramfunc.o
LOAD Drivers/STM32F4xx_HAL_Driver/stm32f4xx_hal_gpio.o
LOAD Drivers/STM32F4xx_HAL_Driver/stm32f4xx_hal_pwr.o
LOAD Drivers/STM32F4xx_HAL_Driver/stm32f4xx_hal_pwr_ex.o
LOAD Drivers/STM32F4xx_HAL_Driver/stm32f4xx_hal_rcc.o
LOAD Drivers/STM32F4xx_HAL_Driver/stm32f4xx_hal_rcc_ex.o
LOAD Drivers/STM32F4xx_HAL_Driver/stm32f4xx_hal_rng.o
LOAD Drivers/STM32F4xx_HAL_Driver/stm32f4xx_hal_sd.o
LOAD Drivers/STM32F4xx_HAL_Driver/stm32f4xx_hal_tim.o
LOAD Drivers/STM32F4xx_HAL_Driver/stm32f4xx_hal_tim_ex.o
LOAD Drivers/STM32F4xx_HAL_Driver/stm32f4xx_hal_uart.o
LOAD Drivers/STM32F4xx_HAL_Driver/stm32f4xx_ll_sdmmc.o
LOAD Middlewares/FatFs/diskio.o
LOAD Middlewares/FatFs/ff.o
LOAD Middlewares/FatFs/ff_gen_drv.o
LOAD Middlewares/FatFs/syscall.o
LOAD Src/AudioPlayer.o
LOAD Src/bsp_driver_sd.o
LOAD Src/fatfs.o
LOAD Src/main.o
LOAD Src/sd_diskio.o
LOAD Src/stm32f4xx_hal_msp.o
LOAD Src/stm32f4xx_it.o
LOAD Src/syscalls.o
LOAD Src/sysmem.o
LOAD Src/system_stm32f4xx.o
LOAD Startup/startup_stm32f407vetx.o
START GROUP
LOAD c:/st/stm32cubeide_1.0.1/stm32cubeide/plugins/com.st.stm32cube.ide.mcu.externaltools.gnu-tools-for-stm32.7-2018-q2-update.win32_1.0.0.201904181610/tools/bin/../lib/gcc/arm-none-eabi/7.3.1/../../../../arm-none-eabi/lib/thumb/v7e-m/fpv4-sp/hard\libstdc++_nano.a
LOAD c:/st/stm32cubeide_1.0.1/stm32cubeide/plugins/com.st.stm32cube.ide.mcu.externaltools.gnu-tools-for-stm32.7-2018-q2-update.win32_1.0.0.201904181610/tools/bin/../lib/gcc/arm-none-eabi/7.3.1/../../../../arm-none-eabi/lib/thumb/v7e-m/fpv4-sp/hard\libsupc++_nano.a
END GROUP
LOAD c:/st/stm32cubeide_1.0.1/stm32cubeide/plugins/com.st.stm32cube.ide.mcu.externaltools.gnu-tools-for-stm32.7-2018-q2-update.win32_1.0.0.201904181610/tools/bin/../lib/gcc/arm-none-eabi/7.3.1/../../../../arm-none-eabi/lib/thumb/v7e-m/fpv4-sp/hard\libstdc++_nano.a
LOAD c:/st/stm32cubeide_1.0.1/stm32cubeide/plugins/com.st.stm32cube.ide.mcu.externaltools.gnu-tools-for-stm32.7-2018-q2-update.win32_1.0.0.201904181610/tools/bin/../lib/gcc/arm-none-eabi/7.3.1/../../../../arm-none-eabi/lib/thumb/v7e-m/fpv4-sp/hard\libm.a
LOAD c:/st/stm32cubeide_1.0.1/stm32cubeide/plugins/com.st.stm32cube.ide.mcu.externaltools.gnu-tools-for-stm32.7-2018-q2-update.win32_1.0.0.201904181610/tools/bin/../lib/gcc/arm-none-eabi/7.3.1/../../../../arm-none-eabi/lib/thumb/v7e-m/fpv4-sp/hard\libc_nano.a
START GROUP
LOAD c:/st/stm32cubeide_1.0.1/stm32cubeide/plugins/com.st.stm32cube.ide.mcu.externaltools.gnu-tools-for-stm32.7-2018-q2-update.win32_1.0.0.201904181610/tools/bin/../lib/gcc/arm-none-eabi/7.3.1/thumb/v7e-m/fpv4-sp/hard\libgcc.a
LOAD c:/st/stm32cubeide_1.0.1/stm32cubeide/plugins/com.st.stm32cube.ide.mcu.externaltools.gnu-tools-for-stm32.7-2018-q2-update.win32_1.0.0.201904181610/tools/bin/../lib/gcc/arm-none-eabi/7.3.1/../../../../arm-none-eabi/lib/thumb/v7e-m/fpv4-sp/hard\libc_nano.a
END GROUP
START GROUP
LOAD c:/st/stm32cubeide_1.0.1/stm32cubeide/plugins/com.st.stm32cube.ide.mcu.externaltools.gnu-tools-for-stm32.7-2018-q2-update.win32_1.0.0.201904181610/tools/bin/../lib/gcc/arm-none-eabi/7.3.1/thumb/v7e-m/fpv4-sp/hard\libgcc.a
LOAD c:/st/stm32cubeide_1.0.1/stm32cubeide/plugins/com.st.stm32cube.ide.mcu.externaltools.gnu-tools-for-stm32.7-2018-q2-update.win32_1.0.0.201904181610/tools/bin/../lib/gcc/arm-none-eabi/7.3.1/../../../../arm-none-eabi/lib/thumb/v7e-m/fpv4-sp/hard\libc_nano.a
LOAD c:/st/stm32cubeide_1.0.1/stm32cubeide/plugins/com.st.stm32cube.ide.mcu.externaltools.gnu-tools-for-stm32.7-2018-q2-update.win32_1.0.0.201904181610/tools/bin/../lib/gcc/arm-none-eabi/7.3.1/../../../../arm-none-eabi/lib/thumb/v7e-m/fpv4-sp/hard\libnosys.a
END GROUP
START GROUP
LOAD c:/st/stm32cubeide_1.0.1/stm32cubeide/plugins/com.st.stm32cube.ide.mcu.externaltools.gnu-tools-for-stm32.7-2018-q2-update.win32_1.0.0.201904181610/tools/bin/../lib/gcc/arm-none-eabi/7.3.1/thumb/v7e-m/fpv4-sp/hard\libgcc.a
LOAD c:/st/stm32cubeide_1.0.1/stm32cubeide/plugins/com.st.stm32cube.ide.mcu.externaltools.gnu-tools-for-stm32.7-2018-q2-update.win32_1.0.0.201904181610/tools/bin/../lib/gcc/arm-none-eabi/7.3.1/../../../../arm-none-eabi/lib/thumb/v7e-m/fpv4-sp/hard\libc_nano.a
LOAD c:/st/stm32cubeide_1.0.1/stm32cubeide/plugins/com.st.stm32cube.ide.mcu.externaltools.gnu-tools-for-stm32.7-2018-q2-update.win32_1.0.0.201904181610/tools/bin/../lib/gcc/arm-none-eabi/7.3.1/../../../../arm-none-eabi/lib/thumb/v7e-m/fpv4-sp/hard\libnosys.a
END GROUP
LOAD c:/st/stm32cubeide_1.0.1/stm32cubeide/plugins/com.st.stm32cube.ide.mcu.externaltools.gnu-tools-for-stm32.7-2018-q2-update.win32_1.0.0.201904181610/tools/bin/../lib/gcc/arm-none-eabi/7.3.1/thumb/v7e-m/fpv4-sp/hard/crtend.o
LOAD c:/st/stm32cubeide_1.0.1/stm32cubeide/plugins/com.st.stm32cube.ide.mcu.externaltools.gnu-tools-for-stm32.7-2018-q2-update.win32_1.0.0.201904181610/tools/bin/../lib/gcc/arm-none-eabi/7.3.1/thumb/v7e-m/fpv4-sp/hard/crtn.o
                0x0000000020020000                _estack = 0x20020000
                0x0000000000000200                _Min_Heap_Size = 0x200
                0x0000000000000400                _Min_Stack_Size = 0x400

.isr_vector     0x0000000008000000      0x188
                0x0000000008000000                . = ALIGN (0x4)
 *(.isr_vector)
 .isr_vector    0x0000000008000000      0x188 Startup/startup_stm32f407vetx.o
                0x0000000008000000                g_pfnVectors
                0x0000000008000188                . = ALIGN (0x4)

.text           0x0000000008000190     0xa3b0
                0x0000000008000190                . = ALIGN (0x4)
 *(.text)
 .text          0x0000000008000190       0x40 c:/st/stm32cubeide_1.0.1/stm32cubeide/plugins/com.st.stm32cube.ide.mcu.externaltools.gnu-tools-for-stm32.7-2018-q2-update.win32_1.0.0.201904181610/tools/bin/../lib/gcc/arm-none-eabi/7.3.1/thumb/v7e-m/fpv4-sp/hard/crtbegin.o
 .text          0x00000000080001d0       0x10 c:/st/stm32cubeide_1.0.1/stm32cubeide/plugins/com.st.stm32cube.ide.mcu.externaltools.gnu-tools-for-stm32.7-2018-q2-update.win32_1.0.0.201904181610/tools/bin/../lib/gcc/arm-none-eabi/7.3.1/../../../../arm-none-eabi/lib/thumb/v7e-m/fpv4-sp/hard\libc_nano.a(lib_a-strlen.o)
                0x00000000080001d0                strlen
 .text          0x00000000080001e0       0xa0 c:/st/stm32cubeide_1.0.1/stm32cubeide/plugins/com.st.stm32cube.ide.mcu.externaltools.gnu-tools-for-stm32.7-2018-q2-update.win32_1.0.0.201904181610/tools/bin/../lib/gcc/arm-none-eabi/7.3.1/../../../../arm-none-eabi/lib/thumb/v7e-m/fpv4-sp/hard\libc_nano.a(lib_a-memchr.o)
                0x00000000080001e0                memchr
 .text          0x0000000008000280       0x30 c:/st/stm32cubeide_1.0.1/stm32cubeide/plugins/com.st.stm32cube.ide.mcu.externaltools.gnu-tools-for-stm32.7-2018-q2-update.win32_1.0.0.201904181610/tools/bin/../lib/gcc/arm-none-eabi/7.3.1/thumb/v7e-m/fpv4-sp/hard\libgcc.a(_aeabi_uldivmod.o)
                0x0000000008000280                __aeabi_uldivmod
 .text          0x00000000080002b0      0x2cc c:/st/stm32cubeide_1.0.1/stm32cubeide/plugins/com.st.stm32cube.ide.mcu.externaltools.gnu-tools-for-stm32.7-2018-q2-update.win32_1.0.0.201904181610/tools/bin/../lib/gcc/arm-none-eabi/7.3.1/thumb/v7e-m/fpv4-sp/hard\libgcc.a(_udivmoddi4.o)
                0x00000000080002b0                __udivmoddi4
 .text          0x000000000800057c        0x4 c:/st/stm32cubeide_1.0.1/stm32cubeide/plugins/com.st.stm32cube.ide.mcu.externaltools.gnu-tools-for-stm32.7-2018-q2-update.win32_1.0.0.201904181610/tools/bin/../lib/gcc/arm-none-eabi/7.3.1/thumb/v7e-m/fpv4-sp/hard\libgcc.a(_dvmd_tls.o)
                0x000000000800057c                __aeabi_idiv0
                0x000000000800057c                __aeabi_ldiv0
 *(.text*)
 .text.HAL_InitTick
                0x0000000008000580       0x48 Drivers/STM32F4xx_HAL_Driver/stm32f4xx_hal.o
                0x0000000008000580                HAL_InitTick
 .text.HAL_Init
                0x00000000080005c8       0x34 Drivers/STM32F4xx_HAL_Driver/stm32f4xx_hal.o
                0x00000000080005c8                HAL_Init
 .text.HAL_IncTick
                0x00000000080005fc       0x18 Drivers/STM32F4xx_HAL_Driver/stm32f4xx_hal.o
                0x00000000080005fc                HAL_IncTick
 .text.HAL_GetTick
                0x0000000008000614        0xc Drivers/STM32F4xx_HAL_Driver/stm32f4xx_hal.o
                0x0000000008000614                HAL_GetTick
 .text.HAL_Delay
                0x0000000008000620       0x24 Drivers/STM32F4xx_HAL_Driver/stm32f4xx_hal.o
                0x0000000008000620                HAL_Delay
 .text.HAL_NVIC_SetPriorityGrouping
                0x0000000008000644       0x24 Drivers/STM32F4xx_HAL_Driver/stm32f4xx_hal_cortex.o
                0x0000000008000644                HAL_NVIC_SetPriorityGrouping
 .text.HAL_NVIC_SetPriority
                0x0000000008000668       0x6c Drivers/STM32F4xx_HAL_Driver/stm32f4xx_hal_cortex.o
                0x0000000008000668                HAL_NVIC_SetPriority
 .text.HAL_NVIC_EnableIRQ
                0x00000000080006d4       0x1c Drivers/STM32F4xx_HAL_Driver/stm32f4xx_hal_cortex.o
                0x00000000080006d4                HAL_NVIC_EnableIRQ
 .text.HAL_SYSTICK_Config
                0x00000000080006f0       0x34 Drivers/STM32F4xx_HAL_Driver/stm32f4xx_hal_cortex.o
                0x00000000080006f0                HAL_SYSTICK_Config
 .text.HAL_DAC_Init
                0x0000000008000724       0x2c Drivers/STM32F4xx_HAL_Driver/stm32f4xx_hal_dac.o
                0x0000000008000724                HAL_DAC_Init
 .text.HAL_DAC_Start_DMA
                0x0000000008000750       0xf0 Drivers/STM32F4xx_HAL_Driver/stm32f4xx_hal_dac.o
                0x0000000008000750                HAL_DAC_Start_DMA
 .text.HAL_DAC_Stop_DMA
                0x0000000008000840       0x40 Drivers/STM32F4xx_HAL_Driver/stm32f4xx_hal_dac.o
                0x0000000008000840                HAL_DAC_Stop_DMA
 .text.HAL_DAC_ConvCpltCallbackCh1
                0x0000000008000880        0x4 Drivers/STM32F4xx_HAL_Driver/stm32f4xx_hal_dac.o
                0x0000000008000880                HAL_DAC_ConvCpltCallbackCh1
 .text.DAC_DMAConvCpltCh1
                0x0000000008000884       0x10 Drivers/STM32F4xx_HAL_Driver/stm32f4xx_hal_dac.o
 .text.HAL_DAC_ConvHalfCpltCallbackCh1
                0x0000000008000894        0x4 Drivers/STM32F4xx_HAL_Driver/stm32f4xx_hal_dac.o
                0x0000000008000894                HAL_DAC_ConvHalfCpltCallbackCh1
 .text.DAC_DMAHalfConvCpltCh1
                0x0000000008000898        0xc Drivers/STM32F4xx_HAL_Driver/stm32f4xx_hal_dac.o
 .text.HAL_DAC_ErrorCallbackCh1
                0x00000000080008a4        0x4 Drivers/STM32F4xx_HAL_Driver/stm32f4xx_hal_dac.o
                0x00000000080008a4                HAL_DAC_ErrorCallbackCh1
 .text.DAC_DMAErrorCh1
                0x00000000080008a8       0x18 Drivers/STM32F4xx_HAL_Driver/stm32f4xx_hal_dac.o
 .text.HAL_DAC_ConfigChannel
                0x00000000080008c0       0x48 Drivers/STM32F4xx_HAL_Driver/stm32f4xx_hal_dac.o
                0x00000000080008c0                HAL_DAC_ConfigChannel
 .text.HAL_DACEx_ConvCpltCallbackCh2
                0x0000000008000908        0x4 Drivers/STM32F4xx_HAL_Driver/stm32f4xx_hal_dac_ex.o
                0x0000000008000908                HAL_DACEx_ConvCpltCallbackCh2
 .text.HAL_DACEx_ConvHalfCpltCallbackCh2
                0x000000000800090c        0x4 Drivers/STM32F4xx_HAL_Driver/stm32f4xx_hal_dac_ex.o
                0x000000000800090c                HAL_DACEx_ConvHalfCpltCallbackCh2
 .text.HAL_DACEx_ErrorCallbackCh2
                0x0000000008000910        0x4 Drivers/STM32F4xx_HAL_Driver/stm32f4xx_hal_dac_ex.o
                0x0000000008000910                HAL_DACEx_ErrorCallbackCh2
 .text.DAC_DMAConvCpltCh2
                0x0000000008000914       0x10 Drivers/STM32F4xx_HAL_Driver/stm32f4xx_hal_dac_ex.o
                0x0000000008000914                DAC_DMAConvCpltCh2
 .text.DAC_DMAHalfConvCpltCh2
                0x0000000008000924        0xc Drivers/STM32F4xx_HAL_Driver/stm32f4xx_hal_dac_ex.o
                0x0000000008000924                DAC_DMAHalfConvCpltCh2
 .text.DAC_DMAErrorCh2
                0x0000000008000930       0x18 Drivers/STM32F4xx_HAL_Driver/stm32f4xx_hal_dac_ex.o
                0x0000000008000930                DAC_DMAErrorCh2
 .text.HAL_DMA_Init
                0x0000000008000948      0x134 Drivers/STM32F4xx_HAL_Driver/stm32f4xx_hal_dma.o
                0x0000000008000948                HAL_DMA_Init
 .text.HAL_DMA_Start_IT
                0x0000000008000a7c       0x84 Drivers/STM32F4xx_HAL_Driver/stm32f4xx_hal_dma.o
                0x0000000008000a7c                HAL_DMA_Start_IT
 .text.HAL_DMA_Abort
                0x0000000008000b00       0x90 Drivers/STM32F4xx_HAL_Driver/stm32f4xx_hal_dma.o
                0x0000000008000b00                HAL_DMA_Abort
 .text.HAL_DMA_IRQHandler
                0x0000000008000b90      0x1ac Drivers/STM32F4xx_HAL_Driver/stm32f4xx_hal_dma.o
                0x0000000008000b90                HAL_DMA_IRQHandler
 .text.HAL_GPIO_Init
                0x0000000008000d3c      0x244 Drivers/STM32F4xx_HAL_Driver/stm32f4xx_hal_gpio.o
                0x0000000008000d3c                HAL_GPIO_Init
 .text.HAL_GPIO_ReadPin
                0x0000000008000f80        0xc Drivers/STM32F4xx_HAL_Driver/stm32f4xx_hal_gpio.o
                0x0000000008000f80                HAL_GPIO_ReadPin
 .text.HAL_GPIO_WritePin
                0x0000000008000f8c        0x8 Drivers/STM32F4xx_HAL_Driver/stm32f4xx_hal_gpio.o
                0x0000000008000f8c                HAL_GPIO_WritePin
 .text.HAL_RCC_OscConfig
                0x0000000008000f94      0x374 Drivers/STM32F4xx_HAL_Driver/stm32f4xx_hal_rcc.o
                0x0000000008000f94                HAL_RCC_OscConfig
 .text.HAL_RCC_GetSysClockFreq
                0x0000000008001308       0x6c Drivers/STM32F4xx_HAL_Driver/stm32f4xx_hal_rcc.o
                0x0000000008001308                HAL_RCC_GetSysClockFreq
 .text.HAL_RCC_ClockConfig
                0x0000000008001374      0x134 Drivers/STM32F4xx_HAL_Driver/stm32f4xx_hal_rcc.o
                0x0000000008001374                HAL_RCC_ClockConfig
 .text.HAL_RCC_GetPCLK1Freq
                0x00000000080014a8       0x20 Drivers/STM32F4xx_HAL_Driver/stm32f4xx_hal_rcc.o
                0x00000000080014a8                HAL_RCC_GetPCLK1Freq
 .text.HAL_RCC_GetPCLK2Freq
                0x00000000080014c8       0x20 Drivers/STM32F4xx_HAL_Driver/stm32f4xx_hal_rcc.o
                0x00000000080014c8                HAL_RCC_GetPCLK2Freq
 .text.HAL_RNG_Init
                0x00000000080014e8       0x34 Drivers/STM32F4xx_HAL_Driver/stm32f4xx_hal_rng.o
                0x00000000080014e8                HAL_RNG_Init
 .text.HAL_RNG_GetRandomNumber
                0x000000000800151c       0x60 Drivers/STM32F4xx_HAL_Driver/stm32f4xx_hal_rng.o
                0x000000000800151c                HAL_RNG_GetRandomNumber
 .text.SD_FindSCR
                0x000000000800157c       0xe0 Drivers/STM32F4xx_HAL_Driver/stm32f4xx_hal_sd.o
 .text.HAL_SD_ReadBlocks
                0x000000000800165c      0x224 Drivers/STM32F4xx_HAL_Driver/stm32f4xx_hal_sd.o
                0x000000000800165c                HAL_SD_ReadBlocks
 .text.HAL_SD_WriteBlocks
                0x0000000008001880      0x1dc Drivers/STM32F4xx_HAL_Driver/stm32f4xx_hal_sd.o
                0x0000000008001880                HAL_SD_WriteBlocks
 .text.HAL_SD_GetCardCSD
                0x0000000008001a5c      0x1c4 Drivers/STM32F4xx_HAL_Driver/stm32f4xx_hal_sd.o
                0x0000000008001a5c                HAL_SD_GetCardCSD
 .text.HAL_SD_InitCard
                0x0000000008001c20      0x1f8 Drivers/STM32F4xx_HAL_Driver/stm32f4xx_hal_sd.o
                0x0000000008001c20                HAL_SD_InitCard
 .text.HAL_SD_Init
                0x0000000008001e18       0x38 Drivers/STM32F4xx_HAL_Driver/stm32f4xx_hal_sd.o
                0x0000000008001e18                HAL_SD_Init
 .text.HAL_SD_GetCardInfo
                0x0000000008001e50       0x28 Drivers/STM32F4xx_HAL_Driver/stm32f4xx_hal_sd.o
                0x0000000008001e50                HAL_SD_GetCardInfo
 .text.HAL_SD_ConfigWideBusOperation
                0x0000000008001e78      0x114 Drivers/STM32F4xx_HAL_Driver/stm32f4xx_hal_sd.o
                0x0000000008001e78                HAL_SD_ConfigWideBusOperation
 .text.HAL_SD_GetCardState
                0x0000000008001f8c       0x28 Drivers/STM32F4xx_HAL_Driver/stm32f4xx_hal_sd.o
                0x0000000008001f8c                HAL_SD_GetCardState
 .text.HAL_TIM_Base_Init
                0x0000000008001fb4      0x108 Drivers/STM32F4xx_HAL_Driver/stm32f4xx_hal_tim.o
                0x0000000008001fb4                HAL_TIM_Base_Init
 .text.HAL_TIM_Base_Start
                0x00000000080020bc       0x24 Drivers/STM32F4xx_HAL_Driver/stm32f4xx_hal_tim.o
                0x00000000080020bc                HAL_TIM_Base_Start
 .text.HAL_TIM_Base_Stop
                0x00000000080020e0       0x30 Drivers/STM32F4xx_HAL_Driver/stm32f4xx_hal_tim.o
                0x00000000080020e0                HAL_TIM_Base_Stop
 .text.HAL_TIM_ConfigClockSource
                0x0000000008002110      0x14c Drivers/STM32F4xx_HAL_Driver/stm32f4xx_hal_tim.o
                0x0000000008002110                HAL_TIM_ConfigClockSource
 .text.HAL_TIMEx_MasterConfigSynchronization
                0x000000000800225c       0x44 Drivers/STM32F4xx_HAL_Driver/stm32f4xx_hal_tim_ex.o
                0x000000000800225c                HAL_TIMEx_MasterConfigSynchronization
 .text.HAL_UART_Init
                0x00000000080022a0      0x314 Drivers/STM32F4xx_HAL_Driver/stm32f4xx_hal_uart.o
                0x00000000080022a0                HAL_UART_Init
 .text.SDMMC_GetCmdResp1.part.2
                0x00000000080025b4       0xdc Drivers/STM32F4xx_HAL_Driver/stm32f4xx_ll_sdmmc.o
 .text.SDIO_Init
                0x0000000008002690       0x38 Drivers/STM32F4xx_HAL_Driver/stm32f4xx_ll_sdmmc.o
                0x0000000008002690                SDIO_Init
 .text.SDIO_ReadFIFO
                0x00000000080026c8        0x8 Drivers/STM32F4xx_HAL_Driver/stm32f4xx_ll_sdmmc.o
                0x00000000080026c8                SDIO_ReadFIFO
 .text.SDIO_WriteFIFO
                0x00000000080026d0        0xc Drivers/STM32F4xx_HAL_Driver/stm32f4xx_ll_sdmmc.o
                0x00000000080026d0                SDIO_WriteFIFO
 .text.SDIO_PowerState_ON
                0x00000000080026dc        0x8 Drivers/STM32F4xx_HAL_Driver/stm32f4xx_ll_sdmmc.o
                0x00000000080026dc                SDIO_PowerState_ON
 .text.SDIO_GetPowerState
                0x00000000080026e4        0x8 Drivers/STM32F4xx_HAL_Driver/stm32f4xx_ll_sdmmc.o
                0x00000000080026e4                SDIO_GetPowerState
 .text.SDIO_GetResponse
                0x00000000080026ec       0x14 Drivers/STM32F4xx_HAL_Driver/stm32f4xx_ll_sdmmc.o
                0x00000000080026ec                SDIO_GetResponse
 .text.SDIO_ConfigData
                0x0000000008002700       0x28 Drivers/STM32F4xx_HAL_Driver/stm32f4xx_ll_sdmmc.o
                0x0000000008002700                SDIO_ConfigData
 .text.SDMMC_CmdBlockLength
                0x0000000008002728       0x70 Drivers/STM32F4xx_HAL_Driver/stm32f4xx_ll_sdmmc.o
                0x0000000008002728                SDMMC_CmdBlockLength
 .text.SDMMC_CmdReadSingleBlock
                0x0000000008002798       0x74 Drivers/STM32F4xx_HAL_Driver/stm32f4xx_ll_sdmmc.o
                0x0000000008002798                SDMMC_CmdReadSingleBlock
 .text.SDMMC_CmdReadMultiBlock
                0x000000000800280c       0x74 Drivers/STM32F4xx_HAL_Driver/stm32f4xx_ll_sdmmc.o
                0x000000000800280c                SDMMC_CmdReadMultiBlock
 .text.SDMMC_CmdWriteSingleBlock
                0x0000000008002880       0x70 Drivers/STM32F4xx_HAL_Driver/stm32f4xx_ll_sdmmc.o
                0x0000000008002880                SDMMC_CmdWriteSingleBlock
 .text.SDMMC_CmdWriteMultiBlock
                0x00000000080028f0       0x74 Drivers/STM32F4xx_HAL_Driver/stm32f4xx_ll_sdmmc.o
                0x00000000080028f0                SDMMC_CmdWriteMultiBlock
 .text.SDMMC_CmdStopTransfer
                0x0000000008002964       0x8c Drivers/STM32F4xx_HAL_Driver/stm32f4xx_ll_sdmmc.o
                0x0000000008002964                SDMMC_CmdStopTransfer
 .text.SDMMC_CmdSelDesel
                0x00000000080029f0       0x74 Drivers/STM32F4xx_HAL_Driver/stm32f4xx_ll_sdmmc.o
                0x00000000080029f0                SDMMC_CmdSelDesel
 .text.SDMMC_CmdGoIdleState
                0x0000000008002a64       0x50 Drivers/STM32F4xx_HAL_Driver/stm32f4xx_ll_sdmmc.o
                0x0000000008002a64                SDMMC_CmdGoIdleState
 .text.SDMMC_CmdOperCond
                0x0000000008002ab4       0x6c Drivers/STM32F4xx_HAL_Driver/stm32f4xx_ll_sdmmc.o
                0x0000000008002ab4                SDMMC_CmdOperCond
 .text.SDMMC_CmdAppCommand
                0x0000000008002b20       0x74 Drivers/STM32F4xx_HAL_Driver/stm32f4xx_ll_sdmmc.o
                0x0000000008002b20                SDMMC_CmdAppCommand
 .text.SDMMC_CmdAppOperCommand
                0x0000000008002b94       0x70 Drivers/STM32F4xx_HAL_Driver/stm32f4xx_ll_sdmmc.o
                0x0000000008002b94                SDMMC_CmdAppOperCommand
 .text.SDMMC_CmdBusWidth
                0x0000000008002c04       0x74 Drivers/STM32F4xx_HAL_Driver/stm32f4xx_ll_sdmmc.o
                0x0000000008002c04                SDMMC_CmdBusWidth
 .text.SDMMC_CmdSendSCR
                0x0000000008002c78       0x78 Drivers/STM32F4xx_HAL_Driver/stm32f4xx_ll_sdmmc.o
                0x0000000008002c78                SDMMC_CmdSendSCR
 .text.SDMMC_CmdSendCID
                0x0000000008002cf0       0x6c Drivers/STM32F4xx_HAL_Driver/stm32f4xx_ll_sdmmc.o
                0x0000000008002cf0                SDMMC_CmdSendCID
 .text.SDMMC_CmdSendCSD
                0x0000000008002d5c       0x78 Drivers/STM32F4xx_HAL_Driver/stm32f4xx_ll_sdmmc.o
                0x0000000008002d5c                SDMMC_CmdSendCSD
 .text.SDMMC_CmdSetRelAdd
                0x0000000008002dd4       0xc8 Drivers/STM32F4xx_HAL_Driver/stm32f4xx_ll_sdmmc.o
                0x0000000008002dd4                SDMMC_CmdSetRelAdd
 .text.SDMMC_CmdSendStatus
                0x0000000008002e9c       0x74 Drivers/STM32F4xx_HAL_Driver/stm32f4xx_ll_sdmmc.o
                0x0000000008002e9c                SDMMC_CmdSendStatus
 .text.disk_status
                0x0000000008002f10       0x14 Middlewares/FatFs/diskio.o
                0x0000000008002f10                disk_status
 .text.disk_initialize
                0x0000000008002f24       0x20 Middlewares/FatFs/diskio.o
                0x0000000008002f24                disk_initialize
 .text.disk_read
                0x0000000008002f44       0x1c Middlewares/FatFs/diskio.o
                0x0000000008002f44                disk_read
 .text.disk_write
                0x0000000008002f60       0x1c Middlewares/FatFs/diskio.o
                0x0000000008002f60                disk_write
 .text.disk_ioctl
                0x0000000008002f7c       0x1c Middlewares/FatFs/diskio.o
                0x0000000008002f7c                disk_ioctl
 .text.unlikely.move_window.part.7
                0x0000000008002f98       0x72 Middlewares/FatFs/ff.o
 *fill*         0x000000000800300a        0x2 
 .text.sync_fs  0x000000000800300c       0xec Middlewares/FatFs/ff.o
 .text.dir_sdi.constprop.13
                0x00000000080030f8      0x324 Middlewares/FatFs/ff.o
 .text.put_fat.part.9
                0x000000000800341c      0x2c8 Middlewares/FatFs/ff.o
 .text.remove_chain
                0x00000000080036e4      0x58c Middlewares/FatFs/ff.o
 .text.get_fat.isra.10
                0x0000000008003c70      0x27c Middlewares/FatFs/ff.o
 .text.create_chain
                0x0000000008003eec      0x398 Middlewares/FatFs/ff.o
 .text.follow_path
                0x0000000008004284      0x330 Middlewares/FatFs/ff.o
 .text.dir_register
                0x00000000080045b4      0x394 Middlewares/FatFs/ff.o
 .text.f_mount  0x0000000008004948      0x6f8 Middlewares/FatFs/ff.o
                0x0000000008004948                f_mount
 .text.f_open   0x0000000008005040      0xa60 Middlewares/FatFs/ff.o
                0x0000000008005040                f_open
 .text.f_read   0x0000000008005aa0      0x40c Middlewares/FatFs/ff.o
                0x0000000008005aa0                f_read
 .text.f_close  0x0000000008005eac      0x190 Middlewares/FatFs/ff.o
                0x0000000008005eac                f_close
 .text.f_lseek  0x000000000800603c      0x5fc Middlewares/FatFs/ff.o
                0x000000000800603c                f_lseek
 .text.f_opendir
                0x0000000008006638      0x7b4 Middlewares/FatFs/ff.o
                0x0000000008006638                f_opendir
 .text.f_closedir
                0x0000000008006dec       0x68 Middlewares/FatFs/ff.o
                0x0000000008006dec                f_closedir
 .text.f_readdir
                0x0000000008006e54      0x33c Middlewares/FatFs/ff.o
                0x0000000008006e54                f_readdir
 .text.FATFS_LinkDriver
                0x0000000008007190       0x48 Middlewares/FatFs/ff_gen_drv.o
                0x0000000008007190                FATFS_LinkDriver
 .text.BSP_SD_Init
                0x00000000080071d8       0x38 Src/bsp_driver_sd.o
                0x00000000080071d8                BSP_SD_Init
 .text.BSP_SD_ReadBlocks
                0x0000000008007210       0x24 Src/bsp_driver_sd.o
                0x0000000008007210                BSP_SD_ReadBlocks
 .text.BSP_SD_WriteBlocks
                0x0000000008007234       0x24 Src/bsp_driver_sd.o
                0x0000000008007234                BSP_SD_WriteBlocks
 .text.BSP_SD_GetCardState
                0x0000000008007258       0x14 Src/bsp_driver_sd.o
                0x0000000008007258                BSP_SD_GetCardState
 .text.BSP_SD_GetCardInfo
                0x000000000800726c        0xc Src/bsp_driver_sd.o
                0x000000000800726c                BSP_SD_GetCardInfo
 .text.MX_FATFS_Init
                0x0000000008007278       0x1c Src/fatfs.o
                0x0000000008007278                MX_FATFS_Init
 .text.get_fattime
                0x0000000008007294        0x4 Src/fatfs.o
                0x0000000008007294                get_fattime
 .text.SRAM_Write.part.3
                0x0000000008007298       0x94 Src/main.o
 .text.Load_SoundList
                0x000000000800732c       0x5c Src/main.o
                0x000000000800732c                Load_SoundList
 .text.Load_PlayList
                0x0000000008007388       0xa4 Src/main.o
                0x0000000008007388                Load_PlayList
 .text.Load_Setting
                0x000000000800742c       0xb4 Src/main.o
                0x000000000800742c                Load_Setting
 .text.PlayStop
                0x00000000080074e0       0x24 Src/main.o
                0x00000000080074e0                PlayStop
 .text.PlayUpdate.part.0
                0x0000000008007504       0x5c Src/main.o
 .text.PlayStart
                0x0000000008007560       0xd0 Src/main.o
                0x0000000008007560                PlayStart
 .text.PlaySound
                0x0000000008007630       0x20 Src/main.o
                0x0000000008007630                PlaySound
 .text.PlayMusic
                0x0000000008007650       0x20 Src/main.o
                0x0000000008007650                PlayMusic
 .text.Music_Check.part.2
                0x0000000008007670       0x80 Src/main.o
 .text.ReadState
                0x00000000080076f0      0x218 Src/main.o
                0x00000000080076f0                ReadState
 .text.Sound_Check
                0x0000000008007908      0x17c Src/main.o
                0x0000000008007908                Sound_Check
 .text.SRAM_Precharge
                0x0000000008007a84       0x5c Src/main.o
                0x0000000008007a84                SRAM_Precharge
 .text.SRAM_AutoRefresh
                0x0000000008007ae0       0x4c Src/main.o
                0x0000000008007ae0                SRAM_AutoRefresh
 .text.SRAM_RowBankActive
                0x0000000008007b2c       0x74 Src/main.o
                0x0000000008007b2c                SRAM_RowBankActive
 .text.SRAM_RegisterSet
                0x0000000008007ba0       0x98 Src/main.o
                0x0000000008007ba0                SRAM_RegisterSet
 .text.SRAM_BurstStop
                0x0000000008007c38       0x4c Src/main.o
                0x0000000008007c38                SRAM_BurstStop
 .text.SRAM_Init
                0x0000000008007c84       0x24 Src/main.o
                0x0000000008007c84                SRAM_Init
 .text.PicToRam
                0x0000000008007ca8      0x91c Src/main.o
                0x0000000008007ca8                PicToRam
 .text.LCD_Display
                0x00000000080085c4       0x28 Src/main.o
                0x00000000080085c4                LCD_Display
 .text.LCD_Init
                0x00000000080085ec       0x24 Src/main.o
                0x00000000080085ec                LCD_Init
 .text.LCD_Hsync
                0x0000000008008610       0xec Src/main.o
                0x0000000008008610                LCD_Hsync
 .text.LCD_Show
                0x00000000080086fc       0xa8 Src/main.o
                0x00000000080086fc                LCD_Show
 .text.Slide_Show
                0x00000000080087a4      0x15c Src/main.o
                0x00000000080087a4                Slide_Show
 .text.SystemClock_Config
                0x0000000008008900       0x98 Src/main.o
                0x0000000008008900                SystemClock_Config
 .text.startup.main
                0x0000000008008998      0x4a8 Src/main.o
                0x0000000008008998                main
 .text.Error_Handler
                0x0000000008008e40        0x4 Src/main.o
                0x0000000008008e40                Error_Handler
 .text.SD_initialize
                0x0000000008008e44       0x30 Src/sd_diskio.o
                0x0000000008008e44                SD_initialize
 .text.SD_status
                0x0000000008008e74       0x20 Src/sd_diskio.o
                0x0000000008008e74                SD_status
 .text.SD_read  0x0000000008008e94       0x20 Src/sd_diskio.o
                0x0000000008008e94                SD_read
 .text.SD_ioctl
                0x0000000008008eb4       0x60 Src/sd_diskio.o
                0x0000000008008eb4                SD_ioctl
 .text.SD_write
                0x0000000008008f14       0x20 Src/sd_diskio.o
                0x0000000008008f14                SD_write
 .text.HAL_MspInit
                0x0000000008008f34       0x38 Src/stm32f4xx_hal_msp.o
                0x0000000008008f34                HAL_MspInit
 .text.HAL_DAC_MspInit
                0x0000000008008f6c       0xb4 Src/stm32f4xx_hal_msp.o
                0x0000000008008f6c                HAL_DAC_MspInit
 .text.HAL_RNG_MspInit
                0x0000000008009020       0x30 Src/stm32f4xx_hal_msp.o
                0x0000000008009020                HAL_RNG_MspInit
 .text.HAL_SD_MspInit
                0x0000000008009050       0xa0 Src/stm32f4xx_hal_msp.o
                0x0000000008009050                HAL_SD_MspInit
 .text.HAL_TIM_Base_MspInit
                0x00000000080090f0       0x2c Src/stm32f4xx_hal_msp.o
                0x00000000080090f0                HAL_TIM_Base_MspInit
 .text.HAL_UART_MspInit
                0x000000000800911c       0x70 Src/stm32f4xx_hal_msp.o
                0x000000000800911c                HAL_UART_MspInit
 .text.NMI_Handler
                0x000000000800918c        0x4 Src/stm32f4xx_it.o
                0x000000000800918c                NMI_Handler
 .text.HardFault_Handler
                0x0000000008009190        0x4 Src/stm32f4xx_it.o
                0x0000000008009190                HardFault_Handler
 .text.MemManage_Handler
                0x0000000008009194        0x4 Src/stm32f4xx_it.o
                0x0000000008009194                MemManage_Handler
 .text.BusFault_Handler
                0x0000000008009198        0x4 Src/stm32f4xx_it.o
                0x0000000008009198                BusFault_Handler
 .text.UsageFault_Handler
                0x000000000800919c        0x4 Src/stm32f4xx_it.o
                0x000000000800919c                UsageFault_Handler
 .text.SVC_Handler
                0x00000000080091a0        0x4 Src/stm32f4xx_it.o
                0x00000000080091a0                SVC_Handler
 .text.DebugMon_Handler
                0x00000000080091a4        0x4 Src/stm32f4xx_it.o
                0x00000000080091a4                DebugMon_Handler
 .text.PendSV_Handler
                0x00000000080091a8        0x4 Src/stm32f4xx_it.o
                0x00000000080091a8                PendSV_Handler
 .text.SysTick_Handler
                0x00000000080091ac        0x4 Src/stm32f4xx_it.o
                0x00000000080091ac                SysTick_Handler
 .text.DMA1_Stream6_IRQHandler
                0x00000000080091b0       0x5c Src/stm32f4xx_it.o
                0x00000000080091b0                DMA1_Stream6_IRQHandler
 .text._sbrk    0x000000000800920c       0x3c Src/sysmem.o
                0x000000000800920c                _sbrk
 .text.SystemInit
                0x0000000008009248       0x50 Src/system_stm32f4xx.o
                0x0000000008009248                SystemInit
 .text.Reset_Handler
                0x0000000008009298       0x50 Startup/startup_stm32f407vetx.o
                0x0000000008009298                Reset_Handler
 .text.Default_Handler
                0x00000000080092e8        0x2 Startup/startup_stm32f407vetx.o
                0x00000000080092e8                RTC_Alarm_IRQHandler
                0x00000000080092e8                HASH_RNG_IRQHandler
                0x00000000080092e8                EXTI2_IRQHandler
                0x00000000080092e8                TIM8_CC_IRQHandler
                0x00000000080092e8                TIM1_CC_IRQHandler
                0x00000000080092e8                DMA2_Stream5_IRQHandler
                0x00000000080092e8                DMA1_Stream5_IRQHandler
                0x00000000080092e8                PVD_IRQHandler
                0x00000000080092e8                SDIO_IRQHandler
                0x00000000080092e8                TAMP_STAMP_IRQHandler
                0x00000000080092e8                CAN2_RX1_IRQHandler
                0x00000000080092e8                EXTI3_IRQHandler
                0x00000000080092e8                TIM8_TRG_COM_TIM14_IRQHandler
                0x00000000080092e8                TIM1_UP_TIM10_IRQHandler
                0x00000000080092e8                TIM8_UP_TIM13_IRQHandler
                0x00000000080092e8                I2C3_ER_IRQHandler
                0x00000000080092e8                EXTI0_IRQHandler
                0x00000000080092e8                I2C2_EV_IRQHandler
                0x00000000080092e8                DMA1_Stream2_IRQHandler
                0x00000000080092e8                CAN1_RX0_IRQHandler
                0x00000000080092e8                FPU_IRQHandler
                0x00000000080092e8                OTG_HS_WKUP_IRQHandler
                0x00000000080092e8                CAN2_SCE_IRQHandler
                0x00000000080092e8                DMA2_Stream2_IRQHandler
                0x00000000080092e8                SPI1_IRQHandler
                0x00000000080092e8                TIM6_DAC_IRQHandler
                0x00000000080092e8                TIM1_BRK_TIM9_IRQHandler
                0x00000000080092e8                DCMI_IRQHandler
                0x00000000080092e8                CAN2_RX0_IRQHandler
                0x00000000080092e8                DMA2_Stream3_IRQHandler
                0x00000000080092e8                USART6_IRQHandler
                0x00000000080092e8                USART3_IRQHandler
                0x00000000080092e8                CAN1_RX1_IRQHandler
                0x00000000080092e8                UART5_IRQHandler
                0x00000000080092e8                DMA2_Stream0_IRQHandler
                0x00000000080092e8                TIM4_IRQHandler
                0x00000000080092e8                I2C1_EV_IRQHandler
                0x00000000080092e8                DMA1_Stream1_IRQHandler
                0x00000000080092e8                UART4_IRQHandler
                0x00000000080092e8                TIM3_IRQHandler
                0x00000000080092e8                RCC_IRQHandler
                0x00000000080092e8                TIM8_BRK_TIM12_IRQHandler
                0x00000000080092e8                Default_Handler
                0x00000000080092e8                EXTI15_10_IRQHandler
                0x00000000080092e8                ADC_IRQHandler
                0x00000000080092e8                DMA1_Stream7_IRQHandler
                0x00000000080092e8                TIM7_IRQHandler
                0x00000000080092e8                CAN2_TX_IRQHandler
                0x00000000080092e8                TIM5_IRQHandler
                0x00000000080092e8                DMA2_Stream7_IRQHandler
                0x00000000080092e8                I2C3_EV_IRQHandler
                0x00000000080092e8                EXTI9_5_IRQHandler
                0x00000000080092e8                RTC_WKUP_IRQHandler
                0x00000000080092e8                ETH_WKUP_IRQHandler
                0x00000000080092e8                SPI2_IRQHandler
                0x00000000080092e8                OTG_HS_EP1_IN_IRQHandler
                0x00000000080092e8                DMA1_Stream0_IRQHandler
                0x00000000080092e8                CAN1_TX_IRQHandler
                0x00000000080092e8                EXTI4_IRQHandler
                0x00000000080092e8                FSMC_IRQHandler
                0x00000000080092e8                ETH_IRQHandler
                0x00000000080092e8                OTG_HS_EP1_OUT_IRQHandler
                0x00000000080092e8                WWDG_IRQHandler
                0x00000000080092e8                TIM2_IRQHandler
                0x00000000080092e8                OTG_FS_WKUP_IRQHandler
                0x00000000080092e8                TIM1_TRG_COM_TIM11_IRQHandler
                0x00000000080092e8                OTG_HS_IRQHandler
                0x00000000080092e8                EXTI1_IRQHandler
                0x00000000080092e8                USART2_IRQHandler
                0x00000000080092e8                I2C2_ER_IRQHandler
                0x00000000080092e8                DMA2_Stream1_IRQHandler
                0x00000000080092e8                CAN1_SCE_IRQHandler
                0x00000000080092e8                FLASH_IRQHandler
                0x00000000080092e8                DMA2_Stream4_IRQHandler
                0x00000000080092e8                USART1_IRQHandler
                0x00000000080092e8                OTG_FS_IRQHandler
                0x00000000080092e8                SPI3_IRQHandler
                0x00000000080092e8                DMA1_Stream4_IRQHandler
                0x00000000080092e8                I2C1_ER_IRQHandler
                0x00000000080092e8                DMA2_Stream6_IRQHandler
                0x00000000080092e8                DMA1_Stream3_IRQHandler
 *fill*         0x00000000080092ea        0x2 
 .text.__errno  0x00000000080092ec        0xc c:/st/stm32cubeide_1.0.1/stm32cubeide/plugins/com.st.stm32cube.ide.mcu.externaltools.gnu-tools-for-stm32.7-2018-q2-update.win32_1.0.0.201904181610/tools/bin/../lib/gcc/arm-none-eabi/7.3.1/../../../../arm-none-eabi/lib/thumb/v7e-m/fpv4-sp/hard\libc_nano.a(lib_a-errno.o)
                0x00000000080092ec                __errno
 .text.__libc_init_array
                0x00000000080092f8       0x48 c:/st/stm32cubeide_1.0.1/stm32cubeide/plugins/com.st.stm32cube.ide.mcu.externaltools.gnu-tools-for-stm32.7-2018-q2-update.win32_1.0.0.201904181610/tools/bin/../lib/gcc/arm-none-eabi/7.3.1/../../../../arm-none-eabi/lib/thumb/v7e-m/fpv4-sp/hard\libc_nano.a(lib_a-init.o)
                0x00000000080092f8                __libc_init_array
 .text.memcpy   0x0000000008009340       0x16 c:/st/stm32cubeide_1.0.1/stm32cubeide/plugins/com.st.stm32cube.ide.mcu.externaltools.gnu-tools-for-stm32.7-2018-q2-update.win32_1.0.0.201904181610/tools/bin/../lib/gcc/arm-none-eabi/7.3.1/../../../../arm-none-eabi/lib/thumb/v7e-m/fpv4-sp/hard\libc_nano.a(lib_a-memcpy-stub.o)
                0x0000000008009340                memcpy
 .text.memset   0x0000000008009356       0x10 c:/st/stm32cubeide_1.0.1/stm32cubeide/plugins/com.st.stm32cube.ide.mcu.externaltools.gnu-tools-for-stm32.7-2018-q2-update.win32_1.0.0.201904181610/tools/bin/../lib/gcc/arm-none-eabi/7.3.1/../../../../arm-none-eabi/lib/thumb/v7e-m/fpv4-sp/hard\libc_nano.a(lib_a-memset.o)
                0x0000000008009356                memset
 *fill*         0x0000000008009366        0x2 
 .text._free_r  0x0000000008009368       0x9c c:/st/stm32cubeide_1.0.1/stm32cubeide/plugins/com.st.stm32cube.ide.mcu.externaltools.gnu-tools-for-stm32.7-2018-q2-update.win32_1.0.0.201904181610/tools/bin/../lib/gcc/arm-none-eabi/7.3.1/../../../../arm-none-eabi/lib/thumb/v7e-m/fpv4-sp/hard\libc_nano.a(lib_a-nano-freer.o)
                0x0000000008009368                _free_r
 .text._malloc_r
                0x0000000008009404       0xb4 c:/st/stm32cubeide_1.0.1/stm32cubeide/plugins/com.st.stm32cube.ide.mcu.externaltools.gnu-tools-for-stm32.7-2018-q2-update.win32_1.0.0.201904181610/tools/bin/../lib/gcc/arm-none-eabi/7.3.1/../../../../arm-none-eabi/lib/thumb/v7e-m/fpv4-sp/hard\libc_nano.a(lib_a-nano-mallocr.o)
                0x0000000008009404                _malloc_r
 .text._sbrk_r  0x00000000080094b8       0x20 c:/st/stm32cubeide_1.0.1/stm32cubeide/plugins/com.st.stm32cube.ide.mcu.externaltools.gnu-tools-for-stm32.7-2018-q2-update.win32_1.0.0.201904181610/tools/bin/../lib/gcc/arm-none-eabi/7.3.1/../../../../arm-none-eabi/lib/thumb/v7e-m/fpv4-sp/hard\libc_nano.a(lib_a-sbrkr.o)
                0x00000000080094b8                _sbrk_r
 .text.sprintf  0x00000000080094d8       0x40 c:/st/stm32cubeide_1.0.1/stm32cubeide/plugins/com.st.stm32cube.ide.mcu.externaltools.gnu-tools-for-stm32.7-2018-q2-update.win32_1.0.0.201904181610/tools/bin/../lib/gcc/arm-none-eabi/7.3.1/../../../../arm-none-eabi/lib/thumb/v7e-m/fpv4-sp/hard\libc_nano.a(lib_a-sprintf.o)
                0x00000000080094d8                siprintf
                0x00000000080094d8                sprintf
 .text.sscanf   0x0000000008009518       0x54 c:/st/stm32cubeide_1.0.1/stm32cubeide/plugins/com.st.stm32cube.ide.mcu.externaltools.gnu-tools-for-stm32.7-2018-q2-update.win32_1.0.0.201904181610/tools/bin/../lib/gcc/arm-none-eabi/7.3.1/../../../../arm-none-eabi/lib/thumb/v7e-m/fpv4-sp/hard\libc_nano.a(lib_a-sscanf.o)
                0x0000000008009518                siscanf
                0x0000000008009518                sscanf
 .text.__seofread
                0x000000000800956c        0x4 c:/st/stm32cubeide_1.0.1/stm32cubeide/plugins/com.st.stm32cube.ide.mcu.externaltools.gnu-tools-for-stm32.7-2018-q2-update.win32_1.0.0.201904181610/tools/bin/../lib/gcc/arm-none-eabi/7.3.1/../../../../arm-none-eabi/lib/thumb/v7e-m/fpv4-sp/hard\libc_nano.a(lib_a-stdio.o)
                0x000000000800956c                __seofread
 .text.__malloc_lock
                0x0000000008009570        0x2 c:/st/stm32cubeide_1.0.1/stm32cubeide/plugins/com.st.stm32cube.ide.mcu.externaltools.gnu-tools-for-stm32.7-2018-q2-update.win32_1.0.0.201904181610/tools/bin/../lib/gcc/arm-none-eabi/7.3.1/../../../../arm-none-eabi/lib/thumb/v7e-m/fpv4-sp/hard\libc_nano.a(lib_a-mlock.o)
                0x0000000008009570                __malloc_lock
 .text.__malloc_unlock
                0x0000000008009572        0x2 c:/st/stm32cubeide_1.0.1/stm32cubeide/plugins/com.st.stm32cube.ide.mcu.externaltools.gnu-tools-for-stm32.7-2018-q2-update.win32_1.0.0.201904181610/tools/bin/../lib/gcc/arm-none-eabi/7.3.1/../../../../arm-none-eabi/lib/thumb/v7e-m/fpv4-sp/hard\libc_nano.a(lib_a-mlock.o)
                0x0000000008009572                __malloc_unlock
 .text.__ssputs_r
                0x0000000008009574       0xb4 c:/st/stm32cubeide_1.0.1/stm32cubeide/plugins/com.st.stm32cube.ide.mcu.externaltools.gnu-tools-for-stm32.7-2018-q2-update.win32_1.0.0.201904181610/tools/bin/../lib/gcc/arm-none-eabi/7.3.1/../../../../arm-none-eabi/lib/thumb/v7e-m/fpv4-sp/hard\libc_nano.a(lib_a-nano-svfprintf.o)
                0x0000000008009574                __ssputs_r
 .text._svfprintf_r
                0x0000000008009628      0x1f0 c:/st/stm32cubeide_1.0.1/stm32cubeide/plugins/com.st.stm32cube.ide.mcu.externaltools.gnu-tools-for-stm32.7-2018-q2-update.win32_1.0.0.201904181610/tools/bin/../lib/gcc/arm-none-eabi/7.3.1/../../../../arm-none-eabi/lib/thumb/v7e-m/fpv4-sp/hard\libc_nano.a(lib_a-nano-svfprintf.o)
                0x0000000008009628                _svfiprintf_r
                0x0000000008009628                _svfprintf_r
 .text._sungetc_r
                0x0000000008009818       0x7a c:/st/stm32cubeide_1.0.1/stm32cubeide/plugins/com.st.stm32cube.ide.mcu.externaltools.gnu-tools-for-stm32.7-2018-q2-update.win32_1.0.0.201904181610/tools/bin/../lib/gcc/arm-none-eabi/7.3.1/../../../../arm-none-eabi/lib/thumb/v7e-m/fpv4-sp/hard\libc_nano.a(lib_a-nano-svfscanf.o)
                0x0000000008009818                _sungetc_r
 .text.__ssrefill_r
                0x0000000008009892       0x3a c:/st/stm32cubeide_1.0.1/stm32cubeide/plugins/com.st.stm32cube.ide.mcu.externaltools.gnu-tools-for-stm32.7-2018-q2-update.win32_1.0.0.201904181610/tools/bin/../lib/gcc/arm-none-eabi/7.3.1/../../../../arm-none-eabi/lib/thumb/v7e-m/fpv4-sp/hard\libc_nano.a(lib_a-nano-svfscanf.o)
                0x0000000008009892                __ssrefill_r
 .text.__ssvfscanf_r
                0x00000000080098cc      0x2a0 c:/st/stm32cubeide_1.0.1/stm32cubeide/plugins/com.st.stm32cube.ide.mcu.externaltools.gnu-tools-for-stm32.7-2018-q2-update.win32_1.0.0.201904181610/tools/bin/../lib/gcc/arm-none-eabi/7.3.1/../../../../arm-none-eabi/lib/thumb/v7e-m/fpv4-sp/hard\libc_nano.a(lib_a-nano-svfscanf.o)
                0x00000000080098cc                __ssvfiscanf_r
                0x00000000080098cc                __ssvfscanf_r
 .text._printf_common
                0x0000000008009b6c       0xea c:/st/stm32cubeide_1.0.1/stm32cubeide/plugins/com.st.stm32cube.ide.mcu.externaltools.gnu-tools-for-stm32.7-2018-q2-update.win32_1.0.0.201904181610/tools/bin/../lib/gcc/arm-none-eabi/7.3.1/../../../../arm-none-eabi/lib/thumb/v7e-m/fpv4-sp/hard\libc_nano.a(lib_a-nano-vfprintf_i.o)
                0x0000000008009b6c                _printf_common
 *fill*         0x0000000008009c56        0x2 
 .text._printf_i
                0x0000000008009c58      0x224 c:/st/stm32cubeide_1.0.1/stm32cubeide/plugins/com.st.stm32cube.ide.mcu.externaltools.gnu-tools-for-stm32.7-2018-q2-update.win32_1.0.0.201904181610/tools/bin/../lib/gcc/arm-none-eabi/7.3.1/../../../../arm-none-eabi/lib/thumb/v7e-m/fpv4-sp/hard\libc_nano.a(lib_a-nano-vfprintf_i.o)
                0x0000000008009c58                _printf_i
 .text._scanf_chars
                0x0000000008009e7c       0xc6 c:/st/stm32cubeide_1.0.1/stm32cubeide/plugins/com.st.stm32cube.ide.mcu.externaltools.gnu-tools-for-stm32.7-2018-q2-update.win32_1.0.0.201904181610/tools/bin/../lib/gcc/arm-none-eabi/7.3.1/../../../../arm-none-eabi/lib/thumb/v7e-m/fpv4-sp/hard\libc_nano.a(lib_a-nano-vfscanf_i.o)
                0x0000000008009e7c                _scanf_chars
 *fill*         0x0000000008009f42        0x2 
 .text._scanf_i
                0x0000000008009f44      0x1e8 c:/st/stm32cubeide_1.0.1/stm32cubeide/plugins/com.st.stm32cube.ide.mcu.externaltools.gnu-tools-for-stm32.7-2018-q2-update.win32_1.0.0.201904181610/tools/bin/../lib/gcc/arm-none-eabi/7.3.1/../../../../arm-none-eabi/lib/thumb/v7e-m/fpv4-sp/hard\libc_nano.a(lib_a-nano-vfscanf_i.o)
                0x0000000008009f44                _scanf_i
 .text.__sccl   0x000000000800a12c       0x64 c:/st/stm32cubeide_1.0.1/stm32cubeide/plugins/com.st.stm32cube.ide.mcu.externaltools.gnu-tools-for-stm32.7-2018-q2-update.win32_1.0.0.201904181610/tools/bin/../lib/gcc/arm-none-eabi/7.3.1/../../../../arm-none-eabi/lib/thumb/v7e-m/fpv4-sp/hard\libc_nano.a(lib_a-sccl.o)
                0x000000000800a12c                __sccl
 .text._strtol_l.isra.0
                0x000000000800a190       0xf6 c:/st/stm32cubeide_1.0.1/stm32cubeide/plugins/com.st.stm32cube.ide.mcu.externaltools.gnu-tools-for-stm32.7-2018-q2-update.win32_1.0.0.201904181610/tools/bin/../lib/gcc/arm-none-eabi/7.3.1/../../../../arm-none-eabi/lib/thumb/v7e-m/fpv4-sp/hard\libc_nano.a(lib_a-strtol.o)
 *fill*         0x000000000800a286        0x2 
 .text._strtol_r
                0x000000000800a288       0x24 c:/st/stm32cubeide_1.0.1/stm32cubeide/plugins/com.st.stm32cube.ide.mcu.externaltools.gnu-tools-for-stm32.7-2018-q2-update.win32_1.0.0.201904181610/tools/bin/../lib/gcc/arm-none-eabi/7.3.1/../../../../arm-none-eabi/lib/thumb/v7e-m/fpv4-sp/hard\libc_nano.a(lib_a-strtol.o)
                0x000000000800a288                _strtol_r
 .text._strtoul_l.isra.0
                0x000000000800a2ac       0xf4 c:/st/stm32cubeide_1.0.1/stm32cubeide/plugins/com.st.stm32cube.ide.mcu.externaltools.gnu-tools-for-stm32.7-2018-q2-update.win32_1.0.0.201904181610/tools/bin/../lib/gcc/arm-none-eabi/7.3.1/../../../../arm-none-eabi/lib/thumb/v7e-m/fpv4-sp/hard\libc_nano.a(lib_a-strtoul.o)
 .text._strtoul_r
                0x000000000800a3a0       0x24 c:/st/stm32cubeide_1.0.1/stm32cubeide/plugins/com.st.stm32cube.ide.mcu.externaltools.gnu-tools-for-stm32.7-2018-q2-update.win32_1.0.0.201904181610/tools/bin/../lib/gcc/arm-none-eabi/7.3.1/../../../../arm-none-eabi/lib/thumb/v7e-m/fpv4-sp/hard\libc_nano.a(lib_a-strtoul.o)
                0x000000000800a3a0                _strtoul_r
 .text.__submore
                0x000000000800a3c4       0x74 c:/st/stm32cubeide_1.0.1/stm32cubeide/plugins/com.st.stm32cube.ide.mcu.externaltools.gnu-tools-for-stm32.7-2018-q2-update.win32_1.0.0.201904181610/tools/bin/../lib/gcc/arm-none-eabi/7.3.1/../../../../arm-none-eabi/lib/thumb/v7e-m/fpv4-sp/hard\libc_nano.a(lib_a-ungetc.o)
                0x000000000800a3c4                __submore
 .text.__locale_ctype_ptr_l
                0x000000000800a438        0x6 c:/st/stm32cubeide_1.0.1/stm32cubeide/plugins/com.st.stm32cube.ide.mcu.externaltools.gnu-tools-for-stm32.7-2018-q2-update.win32_1.0.0.201904181610/tools/bin/../lib/gcc/arm-none-eabi/7.3.1/../../../../arm-none-eabi/lib/thumb/v7e-m/fpv4-sp/hard\libc_nano.a(lib_a-locale.o)
                0x000000000800a438                __locale_ctype_ptr_l
 *fill*         0x000000000800a43e        0x2 
 .text.__locale_ctype_ptr
                0x000000000800a440       0x1c c:/st/stm32cubeide_1.0.1/stm32cubeide/plugins/com.st.stm32cube.ide.mcu.externaltools.gnu-tools-for-stm32.7-2018-q2-update.win32_1.0.0.201904181610/tools/bin/../lib/gcc/arm-none-eabi/7.3.1/../../../../arm-none-eabi/lib/thumb/v7e-m/fpv4-sp/hard\libc_nano.a(lib_a-locale.o)
                0x000000000800a440                __locale_ctype_ptr
 .text.__ascii_mbtowc
                0x000000000800a45c       0x24 c:/st/stm32cubeide_1.0.1/stm32cubeide/plugins/com.st.stm32cube.ide.mcu.externaltools.gnu-tools-for-stm32.7-2018-q2-update.win32_1.0.0.201904181610/tools/bin/../lib/gcc/arm-none-eabi/7.3.1/../../../../arm-none-eabi/lib/thumb/v7e-m/fpv4-sp/hard\libc_nano.a(lib_a-mbtowc_r.o)
                0x000000000800a45c                __ascii_mbtowc
 .text.memmove  0x000000000800a480       0x32 c:/st/stm32cubeide_1.0.1/stm32cubeide/plugins/com.st.stm32cube.ide.mcu.externaltools.gnu-tools-for-stm32.7-2018-q2-update.win32_1.0.0.201904181610/tools/bin/../lib/gcc/arm-none-eabi/7.3.1/../../../../arm-none-eabi/lib/thumb/v7e-m/fpv4-sp/hard\libc_nano.a(lib_a-memmove.o)
                0x000000000800a480                memmove
 .text._realloc_r
                0x000000000800a4b2       0x4c c:/st/stm32cubeide_1.0.1/stm32cubeide/plugins/com.st.stm32cube.ide.mcu.externaltools.gnu-tools-for-stm32.7-2018-q2-update.win32_1.0.0.201904181610/tools/bin/../lib/gcc/arm-none-eabi/7.3.1/../../../../arm-none-eabi/lib/thumb/v7e-m/fpv4-sp/hard\libc_nano.a(lib_a-nano-reallocr.o)
                0x000000000800a4b2                _realloc_r
 .text.__ascii_wctomb
                0x000000000800a4fe       0x1a c:/st/stm32cubeide_1.0.1/stm32cubeide/plugins/com.st.stm32cube.ide.mcu.externaltools.gnu-tools-for-stm32.7-2018-q2-update.win32_1.0.0.201904181610/tools/bin/../lib/gcc/arm-none-eabi/7.3.1/../../../../arm-none-eabi/lib/thumb/v7e-m/fpv4-sp/hard\libc_nano.a(lib_a-wctomb_r.o)
                0x000000000800a4fe                __ascii_wctomb
 .text._malloc_usable_size_r
                0x000000000800a518       0x10 c:/st/stm32cubeide_1.0.1/stm32cubeide/plugins/com.st.stm32cube.ide.mcu.externaltools.gnu-tools-for-stm32.7-2018-q2-update.win32_1.0.0.201904181610/tools/bin/../lib/gcc/arm-none-eabi/7.3.1/../../../../arm-none-eabi/lib/thumb/v7e-m/fpv4-sp/hard\libc_nano.a(lib_a-nano-msizer.o)
                0x000000000800a518                _malloc_usable_size_r
 *(.glue_7)
 .glue_7        0x000000000800a528        0x0 linker stubs
 *(.glue_7t)
 .glue_7t       0x000000000800a528        0x0 linker stubs
 *(.eh_frame)
 .eh_frame      0x000000000800a528        0x0 c:/st/stm32cubeide_1.0.1/stm32cubeide/plugins/com.st.stm32cube.ide.mcu.externaltools.gnu-tools-for-stm32.7-2018-q2-update.win32_1.0.0.201904181610/tools/bin/../lib/gcc/arm-none-eabi/7.3.1/thumb/v7e-m/fpv4-sp/hard/crtbegin.o
 *(.init)
 .init          0x000000000800a528        0x4 c:/st/stm32cubeide_1.0.1/stm32cubeide/plugins/com.st.stm32cube.ide.mcu.externaltools.gnu-tools-for-stm32.7-2018-q2-update.win32_1.0.0.201904181610/tools/bin/../lib/gcc/arm-none-eabi/7.3.1/thumb/v7e-m/fpv4-sp/hard/crti.o
                0x000000000800a528                _init
 .init          0x000000000800a52c        0x8 c:/st/stm32cubeide_1.0.1/stm32cubeide/plugins/com.st.stm32cube.ide.mcu.externaltools.gnu-tools-for-stm32.7-2018-q2-update.win32_1.0.0.201904181610/tools/bin/../lib/gcc/arm-none-eabi/7.3.1/thumb/v7e-m/fpv4-sp/hard/crtn.o
 *(.fini)
 .fini          0x000000000800a534        0x4 c:/st/stm32cubeide_1.0.1/stm32cubeide/plugins/com.st.stm32cube.ide.mcu.externaltools.gnu-tools-for-stm32.7-2018-q2-update.win32_1.0.0.201904181610/tools/bin/../lib/gcc/arm-none-eabi/7.3.1/thumb/v7e-m/fpv4-sp/hard/crti.o
                0x000000000800a534                _fini
 .fini          0x000000000800a538        0x8 c:/st/stm32cubeide_1.0.1/stm32cubeide/plugins/com.st.stm32cube.ide.mcu.externaltools.gnu-tools-for-stm32.7-2018-q2-update.win32_1.0.0.201904181610/tools/bin/../lib/gcc/arm-none-eabi/7.3.1/thumb/v7e-m/fpv4-sp/hard/crtn.o
                0x000000000800a540                . = ALIGN (0x4)
                0x000000000800a540                _etext = .

.vfp11_veneer   0x000000000800a540        0x0
 .vfp11_veneer  0x000000000800a540        0x0 linker stubs

.v4_bx          0x000000000800a540        0x0
 .v4_bx         0x000000000800a540        0x0 linker stubs

.iplt           0x000000000800a540        0x0
 .iplt          0x000000000800a540        0x0 c:/st/stm32cubeide_1.0.1/stm32cubeide/plugins/com.st.stm32cube.ide.mcu.externaltools.gnu-tools-for-stm32.7-2018-q2-update.win32_1.0.0.201904181610/tools/bin/../lib/gcc/arm-none-eabi/7.3.1/thumb/v7e-m/fpv4-sp/hard/crtbegin.o

.rodata         0x000000000800a540      0x2e8
                0x000000000800a540                . = ALIGN (0x4)
 *(.rodata)
 .rodata        0x000000000800a540        0xc c:/st/stm32cubeide_1.0.1/stm32cubeide/plugins/com.st.stm32cube.ide.mcu.externaltools.gnu-tools-for-stm32.7-2018-q2-update.win32_1.0.0.201904181610/tools/bin/../lib/gcc/arm-none-eabi/7.3.1/../../../../arm-none-eabi/lib/thumb/v7e-m/fpv4-sp/hard\libc_nano.a(lib_a-nano-vfscanf_i.o)
 *(.rodata*)
 .rodata.flagBitshiftOffset.8578
                0x000000000800a54c        0x8 Drivers/STM32F4xx_HAL_Driver/stm32f4xx_hal_dma.o
 .rodata.ExCvt  0x000000000800a554       0x80 Middlewares/FatFs/ff.o
 .rodata.follow_path.str1.4
                0x000000000800a5d4        0xf Middlewares/FatFs/ff.o
 *fill*         0x000000000800a5e3        0x1 
 .rodata.Load_PlayList.str1.4
                0x000000000800a5e4        0x3 Src/main.o
 *fill*         0x000000000800a5e7        0x1 
 .rodata.PlayMusic.str1.4
                0x000000000800a5e8        0xe Src/main.o
 *fill*         0x000000000800a5f6        0x2 
 .rodata.PlaySound.str1.4
                0x000000000800a5f8        0xe Src/main.o
 *fill*         0x000000000800a606        0x2 
 .rodata.main.str1.4
                0x000000000800a608       0x38 Src/main.o
                                         0x36 (size before relaxing)
 .rodata.SD_Driver
                0x000000000800a640       0x14 Src/sd_diskio.o
                0x000000000800a640                SD_Driver
 .rodata.AHBPrescTable
                0x000000000800a654       0x10 Src/system_stm32f4xx.o
                0x000000000800a654                AHBPrescTable
 .rodata.APBPrescTable
                0x000000000800a664        0x8 Src/system_stm32f4xx.o
                0x000000000800a664                APBPrescTable
 .rodata._svfprintf_r.str1.1
                0x000000000800a66c       0x11 c:/st/stm32cubeide_1.0.1/stm32cubeide/plugins/com.st.stm32cube.ide.mcu.externaltools.gnu-tools-for-stm32.7-2018-q2-update.win32_1.0.0.201904181610/tools/bin/../lib/gcc/arm-none-eabi/7.3.1/../../../../arm-none-eabi/lib/thumb/v7e-m/fpv4-sp/hard\libc_nano.a(lib_a-nano-svfprintf.o)
 .rodata.__ssvfscanf_r.str1.1
                0x000000000800a67d        0x4 c:/st/stm32cubeide_1.0.1/stm32cubeide/plugins/com.st.stm32cube.ide.mcu.externaltools.gnu-tools-for-stm32.7-2018-q2-update.win32_1.0.0.201904181610/tools/bin/../lib/gcc/arm-none-eabi/7.3.1/../../../../arm-none-eabi/lib/thumb/v7e-m/fpv4-sp/hard\libc_nano.a(lib_a-nano-svfscanf.o)
 .rodata._printf_i.str1.1
                0x000000000800a67d       0x22 c:/st/stm32cubeide_1.0.1/stm32cubeide/plugins/com.st.stm32cube.ide.mcu.externaltools.gnu-tools-for-stm32.7-2018-q2-update.win32_1.0.0.201904181610/tools/bin/../lib/gcc/arm-none-eabi/7.3.1/../../../../arm-none-eabi/lib/thumb/v7e-m/fpv4-sp/hard\libc_nano.a(lib_a-nano-vfprintf_i.o)
 .rodata._scanf_i.str1.1
                0x000000000800a69f       0x12 c:/st/stm32cubeide_1.0.1/stm32cubeide/plugins/com.st.stm32cube.ide.mcu.externaltools.gnu-tools-for-stm32.7-2018-q2-update.win32_1.0.0.201904181610/tools/bin/../lib/gcc/arm-none-eabi/7.3.1/../../../../arm-none-eabi/lib/thumb/v7e-m/fpv4-sp/hard\libc_nano.a(lib_a-nano-vfscanf_i.o)
 .rodata.str1.1
                0x000000000800a6b1        0x9 c:/st/stm32cubeide_1.0.1/stm32cubeide/plugins/com.st.stm32cube.ide.mcu.externaltools.gnu-tools-for-stm32.7-2018-q2-update.win32_1.0.0.201904181610/tools/bin/../lib/gcc/arm-none-eabi/7.3.1/../../../../arm-none-eabi/lib/thumb/v7e-m/fpv4-sp/hard\libc_nano.a(lib_a-nano-vfscanf_i.o)
 *fill*         0x000000000800a6ba        0x2 
 .rodata.__sf_fake_stderr
                0x000000000800a6bc       0x20 c:/st/stm32cubeide_1.0.1/stm32cubeide/plugins/com.st.stm32cube.ide.mcu.externaltools.gnu-tools-for-stm32.7-2018-q2-update.win32_1.0.0.201904181610/tools/bin/../lib/gcc/arm-none-eabi/7.3.1/../../../../arm-none-eabi/lib/thumb/v7e-m/fpv4-sp/hard\libc_nano.a(lib_a-findfp.o)
                0x000000000800a6bc                __sf_fake_stderr
 .rodata.__sf_fake_stdin
                0x000000000800a6dc       0x20 c:/st/stm32cubeide_1.0.1/stm32cubeide/plugins/com.st.stm32cube.ide.mcu.externaltools.gnu-tools-for-stm32.7-2018-q2-update.win32_1.0.0.201904181610/tools/bin/../lib/gcc/arm-none-eabi/7.3.1/../../../../arm-none-eabi/lib/thumb/v7e-m/fpv4-sp/hard\libc_nano.a(lib_a-findfp.o)
                0x000000000800a6dc                __sf_fake_stdin
 .rodata.__sf_fake_stdout
                0x000000000800a6fc       0x20 c:/st/stm32cubeide_1.0.1/stm32cubeide/plugins/com.st.stm32cube.ide.mcu.externaltools.gnu-tools-for-stm32.7-2018-q2-update.win32_1.0.0.201904181610/tools/bin/../lib/gcc/arm-none-eabi/7.3.1/../../../../arm-none-eabi/lib/thumb/v7e-m/fpv4-sp/hard\libc_nano.a(lib_a-findfp.o)
                0x000000000800a6fc                __sf_fake_stdout
 .rodata._setlocale_r.str1.1
                0x000000000800a71c        0x8 c:/st/stm32cubeide_1.0.1/stm32cubeide/plugins/com.st.stm32cube.ide.mcu.externaltools.gnu-tools-for-stm32.7-2018-q2-update.win32_1.0.0.201904181610/tools/bin/../lib/gcc/arm-none-eabi/7.3.1/../../../../arm-none-eabi/lib/thumb/v7e-m/fpv4-sp/hard\libc_nano.a(lib_a-locale.o)
                                          0x9 (size before relaxing)
 .rodata.str1.1
                0x000000000800a724        0x2 c:/st/stm32cubeide_1.0.1/stm32cubeide/plugins/com.st.stm32cube.ide.mcu.externaltools.gnu-tools-for-stm32.7-2018-q2-update.win32_1.0.0.201904181610/tools/bin/../lib/gcc/arm-none-eabi/7.3.1/../../../../arm-none-eabi/lib/thumb/v7e-m/fpv4-sp/hard\libc_nano.a(lib_a-locale.o)
 .rodata._ctype_
                0x000000000800a726      0x101 c:/st/stm32cubeide_1.0.1/stm32cubeide/plugins/com.st.stm32cube.ide.mcu.externaltools.gnu-tools-for-stm32.7-2018-q2-update.win32_1.0.0.201904181610/tools/bin/../lib/gcc/arm-none-eabi/7.3.1/../../../../arm-none-eabi/lib/thumb/v7e-m/fpv4-sp/hard\libc_nano.a(lib_a-ctype_.o)
                0x000000000800a726                _ctype_
                0x000000000800a828                . = ALIGN (0x4)
 *fill*         0x000000000800a827        0x1 

.ARM.extab      0x000000000800a828        0x0
                0x000000000800a828                . = ALIGN (0x4)
 *(.ARM.extab* .gnu.linkonce.armextab.*)
                0x000000000800a828                . = ALIGN (0x4)

.ARM            0x000000000800a828        0x8
                0x000000000800a828                . = ALIGN (0x4)
                0x000000000800a828                __exidx_start = .
 *(.ARM.exidx*)
 .ARM.exidx     0x000000000800a828        0x8 c:/st/stm32cubeide_1.0.1/stm32cubeide/plugins/com.st.stm32cube.ide.mcu.externaltools.gnu-tools-for-stm32.7-2018-q2-update.win32_1.0.0.201904181610/tools/bin/../lib/gcc/arm-none-eabi/7.3.1/thumb/v7e-m/fpv4-sp/hard\libgcc.a(_udivmoddi4.o)
                0x000000000800a830                __exidx_end = .
                0x000000000800a830                . = ALIGN (0x4)

.rel.dyn        0x000000000800a830        0x0
 .rel.iplt      0x000000000800a830        0x0 c:/st/stm32cubeide_1.0.1/stm32cubeide/plugins/com.st.stm32cube.ide.mcu.externaltools.gnu-tools-for-stm32.7-2018-q2-update.win32_1.0.0.201904181610/tools/bin/../lib/gcc/arm-none-eabi/7.3.1/thumb/v7e-m/fpv4-sp/hard/crtbegin.o

.preinit_array  0x000000000800a830        0x0
                0x000000000800a830                . = ALIGN (0x4)
                0x000000000800a830                PROVIDE (__preinit_array_start = .)
 *(.preinit_array*)
                0x000000000800a830                PROVIDE (__preinit_array_end = .)
                0x000000000800a830                . = ALIGN (0x4)

.init_array     0x000000000800a830        0x4
                0x000000000800a830                . = ALIGN (0x4)
                0x000000000800a830                PROVIDE (__init_array_start = .)
 *(SORT_BY_NAME(.init_array.*))
 *(.init_array*)
 .init_array    0x000000000800a830        0x4 c:/st/stm32cubeide_1.0.1/stm32cubeide/plugins/com.st.stm32cube.ide.mcu.externaltools.gnu-tools-for-stm32.7-2018-q2-update.win32_1.0.0.201904181610/tools/bin/../lib/gcc/arm-none-eabi/7.3.1/thumb/v7e-m/fpv4-sp/hard/crtbegin.o
                0x000000000800a834                PROVIDE (__init_array_end = .)
                0x000000000800a834                . = ALIGN (0x4)

.fini_array     0x000000000800a834        0x4
                0x000000000800a834                . = ALIGN (0x4)
                [!provide]                        PROVIDE (__fini_array_start = .)
 *(SORT_BY_NAME(.fini_array.*))
 *(.fini_array*)
 .fini_array    0x000000000800a834        0x4 c:/st/stm32cubeide_1.0.1/stm32cubeide/plugins/com.st.stm32cube.ide.mcu.externaltools.gnu-tools-for-stm32.7-2018-q2-update.win32_1.0.0.201904181610/tools/bin/../lib/gcc/arm-none-eabi/7.3.1/thumb/v7e-m/fpv4-sp/hard/crtbegin.o
                [!provide]                        PROVIDE (__fini_array_end = .)
                0x000000000800a838                . = ALIGN (0x4)
                0x000000000800a838                _sidata = LOADADDR (.data)

.data           0x0000000020000000      0x1e0 load address 0x000000000800a838
                0x0000000020000000                . = ALIGN (0x4)
                0x0000000020000000                _sdata = .
 *(.data)
 *(.data*)
 .data.uwTickFreq
                0x0000000020000000        0x1 Drivers/STM32F4xx_HAL_Driver/stm32f4xx_hal.o
                0x0000000020000000                uwTickFreq
 *fill*         0x0000000020000001        0x3 
 .data.uwTickPrio
                0x0000000020000004        0x4 Drivers/STM32F4xx_HAL_Driver/stm32f4xx_hal.o
                0x0000000020000004                uwTickPrio
 .data.Stat     0x0000000020000008        0x1 Src/sd_diskio.o
 *fill*         0x0000000020000009        0x3 
 .data.SystemCoreClock
                0x000000002000000c        0x4 Src/system_stm32f4xx.o
                0x000000002000000c                SystemCoreClock
 .data._impure_ptr
                0x0000000020000010        0x4 c:/st/stm32cubeide_1.0.1/stm32cubeide/plugins/com.st.stm32cube.ide.mcu.externaltools.gnu-tools-for-stm32.7-2018-q2-update.win32_1.0.0.201904181610/tools/bin/../lib/gcc/arm-none-eabi/7.3.1/../../../../arm-none-eabi/lib/thumb/v7e-m/fpv4-sp/hard\libc_nano.a(lib_a-impure.o)
                0x0000000020000010                _impure_ptr
 .data.impure_data
                0x0000000020000014       0x60 c:/st/stm32cubeide_1.0.1/stm32cubeide/plugins/com.st.stm32cube.ide.mcu.externaltools.gnu-tools-for-stm32.7-2018-q2-update.win32_1.0.0.201904181610/tools/bin/../lib/gcc/arm-none-eabi/7.3.1/../../../../arm-none-eabi/lib/thumb/v7e-m/fpv4-sp/hard\libc_nano.a(lib_a-impure.o)
 .data.__global_locale
                0x0000000020000074      0x16c c:/st/stm32cubeide_1.0.1/stm32cubeide/plugins/com.st.stm32cube.ide.mcu.externaltools.gnu-tools-for-stm32.7-2018-q2-update.win32_1.0.0.201904181610/tools/bin/../lib/gcc/arm-none-eabi/7.3.1/../../../../arm-none-eabi/lib/thumb/v7e-m/fpv4-sp/hard\libc_nano.a(lib_a-locale.o)
                0x0000000020000074                __global_locale
                0x00000000200001e0                . = ALIGN (0x4)
                0x00000000200001e0                _edata = .

.igot.plt       0x00000000200001e0        0x0 load address 0x000000000800aa18
 .igot.plt      0x00000000200001e0        0x0 c:/st/stm32cubeide_1.0.1/stm32cubeide/plugins/com.st.stm32cube.ide.mcu.externaltools.gnu-tools-for-stm32.7-2018-q2-update.win32_1.0.0.201904181610/tools/bin/../lib/gcc/arm-none-eabi/7.3.1/thumb/v7e-m/fpv4-sp/hard/crtbegin.o
                0x00000000200001e0                . = ALIGN (0x4)

.bss            0x00000000200001e0     0x5258 load address 0x000000000800aa18
                0x00000000200001e0                _sbss = .
                0x00000000200001e0                __bss_start__ = _sbss
 *(.bss)
 .bss           0x00000000200001e0       0x1c c:/st/stm32cubeide_1.0.1/stm32cubeide/plugins/com.st.stm32cube.ide.mcu.externaltools.gnu-tools-for-stm32.7-2018-q2-update.win32_1.0.0.201904181610/tools/bin/../lib/gcc/arm-none-eabi/7.3.1/thumb/v7e-m/fpv4-sp/hard/crtbegin.o
 *(.bss*)
 .bss.FatFs     0x00000000200001fc        0x4 Middlewares/FatFs/ff.o
 .bss.Files     0x0000000020000200       0x20 Middlewares/FatFs/ff.o
 .bss.Fsid      0x0000000020000220        0x2 Middlewares/FatFs/ff.o
 *fill*         0x0000000020000222        0x2 
 .bss.disk      0x0000000020000224        0xc Middlewares/FatFs/ff_gen_drv.o
                0x0000000020000224                disk
 .bss.Sound_Number
                0x0000000020000230        0x1 Src/main.o
                0x0000000020000230                Sound_Number
 *fill*         0x0000000020000231        0x3 
 .bss.cnth      0x0000000020000234        0x4 Src/main.o
                0x0000000020000234                cnth
 .bss.cntv      0x0000000020000238        0x4 Src/main.o
                0x0000000020000238                cntv
 .bss.heap_end.6424
                0x000000002000023c        0x4 Src/sysmem.o
 .bss.__malloc_free_list
                0x0000000020000240        0x4 c:/st/stm32cubeide_1.0.1/stm32cubeide/plugins/com.st.stm32cube.ide.mcu.externaltools.gnu-tools-for-stm32.7-2018-q2-update.win32_1.0.0.201904181610/tools/bin/../lib/gcc/arm-none-eabi/7.3.1/../../../../arm-none-eabi/lib/thumb/v7e-m/fpv4-sp/hard\libc_nano.a(lib_a-nano-mallocr.o)
                0x0000000020000240                __malloc_free_list
 .bss.__malloc_sbrk_start
                0x0000000020000244        0x4 c:/st/stm32cubeide_1.0.1/stm32cubeide/plugins/com.st.stm32cube.ide.mcu.externaltools.gnu-tools-for-stm32.7-2018-q2-update.win32_1.0.0.201904181610/tools/bin/../lib/gcc/arm-none-eabi/7.3.1/../../../../arm-none-eabi/lib/thumb/v7e-m/fpv4-sp/hard\libc_nano.a(lib_a-nano-mallocr.o)
                0x0000000020000244                __malloc_sbrk_start
 *(COMMON)
 COMMON         0x0000000020000248        0x4 Drivers/STM32F4xx_HAL_Driver/stm32f4xx_hal.o
                0x0000000020000248                uwTick
 COMMON         0x000000002000024c     0x206c Src/fatfs.o
                0x000000002000024c                retSD
                0x0000000020000250                SDPath
                0x0000000020000254                SDFile
                0x0000000020001284                SDFatFS
 COMMON         0x00000000200022b8     0x317c Src/main.o
                0x00000000200022b8                tim
                0x00000000200022bc                Dac_Temp_Buffer
                0x000000002000325c                DAC_Status
                0x0000000020003260                wbytes
                0x0000000020003264                Setting
                0x0000000020003274                tim2
                0x0000000020003278                hdac
                0x000000002000328c                PlayList
                0x000000002000329c                hrng
                0x00000000200032ac                hsd
                0x0000000020003330                htim2
                0x0000000020003370                Player
                0x00000000200043a4                huart2
                0x00000000200043e4                hdma_dac2
                0x0000000020004444                res
                0x0000000020004448                SoundList
                0x0000000020004470                Loaded_Images
                0x0000000020004494                Dac_Buffer
 COMMON         0x0000000020005434        0x4 c:/st/stm32cubeide_1.0.1/stm32cubeide/plugins/com.st.stm32cube.ide.mcu.externaltools.gnu-tools-for-stm32.7-2018-q2-update.win32_1.0.0.201904181610/tools/bin/../lib/gcc/arm-none-eabi/7.3.1/../../../../arm-none-eabi/lib/thumb/v7e-m/fpv4-sp/hard\libc_nano.a(lib_a-reent.o)
                0x0000000020005434                errno
                0x0000000020005438                . = ALIGN (0x4)
                0x0000000020005438                _ebss = .
                0x0000000020005438                __bss_end__ = _ebss

._user_heap_stack
                0x0000000020005438      0x600 load address 0x000000000800aa18
                0x0000000020005438                . = ALIGN (0x8)
                0x0000000020005438                PROVIDE (end = .)
                [!provide]                        PROVIDE (_end = .)
                0x0000000020005638                . = (. + _Min_Heap_Size)
 *fill*         0x0000000020005438      0x200 
                0x0000000020005a38                . = (. + _Min_Stack_Size)
 *fill*         0x0000000020005638      0x400 
                0x0000000020005a38                . = ALIGN (0x8)

/DISCARD/
 libc.a(*)
 libm.a(*)
 libgcc.a(*)

.ARM.attributes
                0x0000000000000000       0x30
 *(.ARM.attributes)
 .ARM.attributes
                0x0000000000000000       0x22 c:/st/stm32cubeide_1.0.1/stm32cubeide/plugins/com.st.stm32cube.ide.mcu.externaltools.gnu-tools-for-stm32.7-2018-q2-update.win32_1.0.0.201904181610/tools/bin/../lib/gcc/arm-none-eabi/7.3.1/thumb/v7e-m/fpv4-sp/hard/crti.o
 .ARM.attributes
                0x0000000000000022       0x34 c:/st/stm32cubeide_1.0.1/stm32cubeide/plugins/com.st.stm32cube.ide.mcu.externaltools.gnu-tools-for-stm32.7-2018-q2-update.win32_1.0.0.201904181610/tools/bin/../lib/gcc/arm-none-eabi/7.3.1/thumb/v7e-m/fpv4-sp/hard/crtbegin.o
 .ARM.attributes
                0x0000000000000056       0x39 Drivers/STM32F4xx_HAL_Driver/stm32f4xx_hal.o
 .ARM.attributes
                0x000000000000008f       0x39 Drivers/STM32F4xx_HAL_Driver/stm32f4xx_hal_cortex.o
 .ARM.attributes
                0x00000000000000c8       0x39 Drivers/STM32F4xx_HAL_Driver/stm32f4xx_hal_dac.o
 .ARM.attributes
                0x0000000000000101       0x39 Drivers/STM32F4xx_HAL_Driver/stm32f4xx_hal_dac_ex.o
 .ARM.attributes
                0x000000000000013a       0x39 Drivers/STM32F4xx_HAL_Driver/stm32f4xx_hal_dma.o
 .ARM.attributes
                0x0000000000000173       0x39 Drivers/STM32F4xx_HAL_Driver/stm32f4xx_hal_gpio.o
 .ARM.attributes
                0x00000000000001ac       0x39 Drivers/STM32F4xx_HAL_Driver/stm32f4xx_hal_rcc.o
 .ARM.attributes
                0x00000000000001e5       0x39 Drivers/STM32F4xx_HAL_Driver/stm32f4xx_hal_rng.o
 .ARM.attributes
                0x000000000000021e       0x39 Drivers/STM32F4xx_HAL_Driver/stm32f4xx_hal_sd.o
 .ARM.attributes
                0x0000000000000257       0x39 Drivers/STM32F4xx_HAL_Driver/stm32f4xx_hal_tim.o
 .ARM.attributes
                0x0000000000000290       0x39 Drivers/STM32F4xx_HAL_Driver/stm32f4xx_hal_tim_ex.o
 .ARM.attributes
                0x00000000000002c9       0x39 Drivers/STM32F4xx_HAL_Driver/stm32f4xx_hal_uart.o
 .ARM.attributes
                0x0000000000000302       0x39 Drivers/STM32F4xx_HAL_Driver/stm32f4xx_ll_sdmmc.o
 .ARM.attributes
                0x000000000000033b       0x39 Middlewares/FatFs/diskio.o
 .ARM.attributes
                0x0000000000000374       0x39 Middlewares/FatFs/ff.o
 .ARM.attributes
                0x00000000000003ad       0x39 Middlewares/FatFs/ff_gen_drv.o
 .ARM.attributes
                0x00000000000003e6       0x39 Src/bsp_driver_sd.o
 .ARM.attributes
                0x000000000000041f       0x39 Src/fatfs.o
 .ARM.attributes
                0x0000000000000458       0x39 Src/main.o
 .ARM.attributes
                0x0000000000000491       0x39 Src/sd_diskio.o
 .ARM.attributes
                0x00000000000004ca       0x39 Src/stm32f4xx_hal_msp.o
 .ARM.attributes
                0x0000000000000503       0x39 Src/stm32f4xx_it.o
 .ARM.attributes
                0x000000000000053c       0x39 Src/sysmem.o
 .ARM.attributes
                0x0000000000000575       0x39 Src/system_stm32f4xx.o
 .ARM.attributes
                0x00000000000005ae       0x21 Startup/startup_stm32f407vetx.o
 .ARM.attributes
                0x00000000000005cf       0x34 c:/st/stm32cubeide_1.0.1/stm32cubeide/plugins/com.st.stm32cube.ide.mcu.externaltools.gnu-tools-for-stm32.7-2018-q2-update.win32_1.0.0.201904181610/tools/bin/../lib/gcc/arm-none-eabi/7.3.1/../../../../arm-none-eabi/lib/thumb/v7e-m/fpv4-sp/hard\libc_nano.a(lib_a-errno.o)
 .ARM.attributes
                0x0000000000000603       0x34 c:/st/stm32cubeide_1.0.1/stm32cubeide/plugins/com.st.stm32cube.ide.mcu.externaltools.gnu-tools-for-stm32.7-2018-q2-update.win32_1.0.0.201904181610/tools/bin/../lib/gcc/arm-none-eabi/7.3.1/../../../../arm-none-eabi/lib/thumb/v7e-m/fpv4-sp/hard\libc_nano.a(lib_a-impure.o)
 .ARM.attributes
                0x0000000000000637       0x34 c:/st/stm32cubeide_1.0.1/stm32cubeide/plugins/com.st.stm32cube.ide.mcu.externaltools.gnu-tools-for-stm32.7-2018-q2-update.win32_1.0.0.201904181610/tools/bin/../lib/gcc/arm-none-eabi/7.3.1/../../../../arm-none-eabi/lib/thumb/v7e-m/fpv4-sp/hard\libc_nano.a(lib_a-init.o)
 .ARM.attributes
                0x000000000000066b       0x34 c:/st/stm32cubeide_1.0.1/stm32cubeide/plugins/com.st.stm32cube.ide.mcu.externaltools.gnu-tools-for-stm32.7-2018-q2-update.win32_1.0.0.201904181610/tools/bin/../lib/gcc/arm-none-eabi/7.3.1/../../../../arm-none-eabi/lib/thumb/v7e-m/fpv4-sp/hard\libc_nano.a(lib_a-memcpy-stub.o)
 .ARM.attributes
                0x000000000000069f       0x34 c:/st/stm32cubeide_1.0.1/stm32cubeide/plugins/com.st.stm32cube.ide.mcu.externaltools.gnu-tools-for-stm32.7-2018-q2-update.win32_1.0.0.201904181610/tools/bin/../lib/gcc/arm-none-eabi/7.3.1/../../../../arm-none-eabi/lib/thumb/v7e-m/fpv4-sp/hard\libc_nano.a(lib_a-memset.o)
 .ARM.attributes
                0x00000000000006d3       0x34 c:/st/stm32cubeide_1.0.1/stm32cubeide/plugins/com.st.stm32cube.ide.mcu.externaltools.gnu-tools-for-stm32.7-2018-q2-update.win32_1.0.0.201904181610/tools/bin/../lib/gcc/arm-none-eabi/7.3.1/../../../../arm-none-eabi/lib/thumb/v7e-m/fpv4-sp/hard\libc_nano.a(lib_a-nano-freer.o)
 .ARM.attributes
                0x0000000000000707       0x34 c:/st/stm32cubeide_1.0.1/stm32cubeide/plugins/com.st.stm32cube.ide.mcu.externaltools.gnu-tools-for-stm32.7-2018-q2-update.win32_1.0.0.201904181610/tools/bin/../lib/gcc/arm-none-eabi/7.3.1/../../../../arm-none-eabi/lib/thumb/v7e-m/fpv4-sp/hard\libc_nano.a(lib_a-nano-mallocr.o)
 .ARM.attributes
                0x000000000000073b       0x34 c:/st/stm32cubeide_1.0.1/stm32cubeide/plugins/com.st.stm32cube.ide.mcu.externaltools.gnu-tools-for-stm32.7-2018-q2-update.win32_1.0.0.201904181610/tools/bin/../lib/gcc/arm-none-eabi/7.3.1/../../../../arm-none-eabi/lib/thumb/v7e-m/fpv4-sp/hard\libc_nano.a(lib_a-sbrkr.o)
 .ARM.attributes
                0x000000000000076f       0x34 c:/st/stm32cubeide_1.0.1/stm32cubeide/plugins/com.st.stm32cube.ide.mcu.externaltools.gnu-tools-for-stm32.7-2018-q2-update.win32_1.0.0.201904181610/tools/bin/../lib/gcc/arm-none-eabi/7.3.1/../../../../arm-none-eabi/lib/thumb/v7e-m/fpv4-sp/hard\libc_nano.a(lib_a-sprintf.o)
 .ARM.attributes
                0x00000000000007a3       0x34 c:/st/stm32cubeide_1.0.1/stm32cubeide/plugins/com.st.stm32cube.ide.mcu.externaltools.gnu-tools-for-stm32.7-2018-q2-update.win32_1.0.0.201904181610/tools/bin/../lib/gcc/arm-none-eabi/7.3.1/../../../../arm-none-eabi/lib/thumb/v7e-m/fpv4-sp/hard\libc_nano.a(lib_a-sscanf.o)
 .ARM.attributes
                0x00000000000007d7       0x34 c:/st/stm32cubeide_1.0.1/stm32cubeide/plugins/com.st.stm32cube.ide.mcu.externaltools.gnu-tools-for-stm32.7-2018-q2-update.win32_1.0.0.201904181610/tools/bin/../lib/gcc/arm-none-eabi/7.3.1/../../../../arm-none-eabi/lib/thumb/v7e-m/fpv4-sp/hard\libc_nano.a(lib_a-stdio.o)
 .ARM.attributes
                0x000000000000080b       0x1b c:/st/stm32cubeide_1.0.1/stm32cubeide/plugins/com.st.stm32cube.ide.mcu.externaltools.gnu-tools-for-stm32.7-2018-q2-update.win32_1.0.0.201904181610/tools/bin/../lib/gcc/arm-none-eabi/7.3.1/../../../../arm-none-eabi/lib/thumb/v7e-m/fpv4-sp/hard\libc_nano.a(lib_a-strlen.o)
 .ARM.attributes
                0x0000000000000826       0x34 c:/st/stm32cubeide_1.0.1/stm32cubeide/plugins/com.st.stm32cube.ide.mcu.externaltools.gnu-tools-for-stm32.7-2018-q2-update.win32_1.0.0.201904181610/tools/bin/../lib/gcc/arm-none-eabi/7.3.1/../../../../arm-none-eabi/lib/thumb/v7e-m/fpv4-sp/hard\libc_nano.a(lib_a-mlock.o)
 .ARM.attributes
                0x000000000000085a       0x34 c:/st/stm32cubeide_1.0.1/stm32cubeide/plugins/com.st.stm32cube.ide.mcu.externaltools.gnu-tools-for-stm32.7-2018-q2-update.win32_1.0.0.201904181610/tools/bin/../lib/gcc/arm-none-eabi/7.3.1/../../../../arm-none-eabi/lib/thumb/v7e-m/fpv4-sp/hard\libc_nano.a(lib_a-nano-svfprintf.o)
 .ARM.attributes
                0x000000000000088e       0x34 c:/st/stm32cubeide_1.0.1/stm32cubeide/plugins/com.st.stm32cube.ide.mcu.externaltools.gnu-tools-for-stm32.7-2018-q2-update.win32_1.0.0.201904181610/tools/bin/../lib/gcc/arm-none-eabi/7.3.1/../../../../arm-none-eabi/lib/thumb/v7e-m/fpv4-sp/hard\libc_nano.a(lib_a-nano-svfscanf.o)
 .ARM.attributes
                0x00000000000008c2       0x34 c:/st/stm32cubeide_1.0.1/stm32cubeide/plugins/com.st.stm32cube.ide.mcu.externaltools.gnu-tools-for-stm32.7-2018-q2-update.win32_1.0.0.201904181610/tools/bin/../lib/gcc/arm-none-eabi/7.3.1/../../../../arm-none-eabi/lib/thumb/v7e-m/fpv4-sp/hard\libc_nano.a(lib_a-nano-vfprintf_i.o)
 .ARM.attributes
                0x00000000000008f6       0x34 c:/st/stm32cubeide_1.0.1/stm32cubeide/plugins/com.st.stm32cube.ide.mcu.externaltools.gnu-tools-for-stm32.7-2018-q2-update.win32_1.0.0.201904181610/tools/bin/../lib/gcc/arm-none-eabi/7.3.1/../../../../arm-none-eabi/lib/thumb/v7e-m/fpv4-sp/hard\libc_nano.a(lib_a-nano-vfscanf_i.o)
 .ARM.attributes
                0x000000000000092a       0x34 c:/st/stm32cubeide_1.0.1/stm32cubeide/plugins/com.st.stm32cube.ide.mcu.externaltools.gnu-tools-for-stm32.7-2018-q2-update.win32_1.0.0.201904181610/tools/bin/../lib/gcc/arm-none-eabi/7.3.1/../../../../arm-none-eabi/lib/thumb/v7e-m/fpv4-sp/hard\libc_nano.a(lib_a-reent.o)
 .ARM.attributes
                0x000000000000095e       0x34 c:/st/stm32cubeide_1.0.1/stm32cubeide/plugins/com.st.stm32cube.ide.mcu.externaltools.gnu-tools-for-stm32.7-2018-q2-update.win32_1.0.0.201904181610/tools/bin/../lib/gcc/arm-none-eabi/7.3.1/../../../../arm-none-eabi/lib/thumb/v7e-m/fpv4-sp/hard\libc_nano.a(lib_a-sccl.o)
 .ARM.attributes
                0x0000000000000992       0x34 c:/st/stm32cubeide_1.0.1/stm32cubeide/plugins/com.st.stm32cube.ide.mcu.externaltools.gnu-tools-for-stm32.7-2018-q2-update.win32_1.0.0.201904181610/tools/bin/../lib/gcc/arm-none-eabi/7.3.1/../../../../arm-none-eabi/lib/thumb/v7e-m/fpv4-sp/hard\libc_nano.a(lib_a-strtol.o)
 .ARM.attributes
                0x00000000000009c6       0x34 c:/st/stm32cubeide_1.0.1/stm32cubeide/plugins/com.st.stm32cube.ide.mcu.externaltools.gnu-tools-for-stm32.7-2018-q2-update.win32_1.0.0.201904181610/tools/bin/../lib/gcc/arm-none-eabi/7.3.1/../../../../arm-none-eabi/lib/thumb/v7e-m/fpv4-sp/hard\libc_nano.a(lib_a-strtoul.o)
 .ARM.attributes
                0x00000000000009fa       0x34 c:/st/stm32cubeide_1.0.1/stm32cubeide/plugins/com.st.stm32cube.ide.mcu.externaltools.gnu-tools-for-stm32.7-2018-q2-update.win32_1.0.0.201904181610/tools/bin/../lib/gcc/arm-none-eabi/7.3.1/../../../../arm-none-eabi/lib/thumb/v7e-m/fpv4-sp/hard\libc_nano.a(lib_a-ungetc.o)
 .ARM.attributes
                0x0000000000000a2e       0x34 c:/st/stm32cubeide_1.0.1/stm32cubeide/plugins/com.st.stm32cube.ide.mcu.externaltools.gnu-tools-for-stm32.7-2018-q2-update.win32_1.0.0.201904181610/tools/bin/../lib/gcc/arm-none-eabi/7.3.1/../../../../arm-none-eabi/lib/thumb/v7e-m/fpv4-sp/hard\libc_nano.a(lib_a-findfp.o)
 .ARM.attributes
                0x0000000000000a62       0x34 c:/st/stm32cubeide_1.0.1/stm32cubeide/plugins/com.st.stm32cube.ide.mcu.externaltools.gnu-tools-for-stm32.7-2018-q2-update.win32_1.0.0.201904181610/tools/bin/../lib/gcc/arm-none-eabi/7.3.1/../../../../arm-none-eabi/lib/thumb/v7e-m/fpv4-sp/hard\libc_nano.a(lib_a-locale.o)
 .ARM.attributes
                0x0000000000000a96       0x34 c:/st/stm32cubeide_1.0.1/stm32cubeide/plugins/com.st.stm32cube.ide.mcu.externaltools.gnu-tools-for-stm32.7-2018-q2-update.win32_1.0.0.201904181610/tools/bin/../lib/gcc/arm-none-eabi/7.3.1/../../../../arm-none-eabi/lib/thumb/v7e-m/fpv4-sp/hard\libc_nano.a(lib_a-mbtowc_r.o)
 .ARM.attributes
                0x0000000000000aca       0x20 c:/st/stm32cubeide_1.0.1/stm32cubeide/plugins/com.st.stm32cube.ide.mcu.externaltools.gnu-tools-for-stm32.7-2018-q2-update.win32_1.0.0.201904181610/tools/bin/../lib/gcc/arm-none-eabi/7.3.1/../../../../arm-none-eabi/lib/thumb/v7e-m/fpv4-sp/hard\libc_nano.a(lib_a-memchr.o)
 .ARM.attributes
                0x0000000000000aea       0x34 c:/st/stm32cubeide_1.0.1/stm32cubeide/plugins/com.st.stm32cube.ide.mcu.externaltools.gnu-tools-for-stm32.7-2018-q2-update.win32_1.0.0.201904181610/tools/bin/../lib/gcc/arm-none-eabi/7.3.1/../../../../arm-none-eabi/lib/thumb/v7e-m/fpv4-sp/hard\libc_nano.a(lib_a-memmove.o)
 .ARM.attributes
                0x0000000000000b1e       0x34 c:/st/stm32cubeide_1.0.1/stm32cubeide/plugins/com.st.stm32cube.ide.mcu.externaltools.gnu-tools-for-stm32.7-2018-q2-update.win32_1.0.0.201904181610/tools/bin/../lib/gcc/arm-none-eabi/7.3.1/../../../../arm-none-eabi/lib/thumb/v7e-m/fpv4-sp/hard\libc_nano.a(lib_a-nano-reallocr.o)
 .ARM.attributes
                0x0000000000000b52       0x34 c:/st/stm32cubeide_1.0.1/stm32cubeide/plugins/com.st.stm32cube.ide.mcu.externaltools.gnu-tools-for-stm32.7-2018-q2-update.win32_1.0.0.201904181610/tools/bin/../lib/gcc/arm-none-eabi/7.3.1/../../../../arm-none-eabi/lib/thumb/v7e-m/fpv4-sp/hard\libc_nano.a(lib_a-wctomb_r.o)
 .ARM.attributes
                0x0000000000000b86       0x34 c:/st/stm32cubeide_1.0.1/stm32cubeide/plugins/com.st.stm32cube.ide.mcu.externaltools.gnu-tools-for-stm32.7-2018-q2-update.win32_1.0.0.201904181610/tools/bin/../lib/gcc/arm-none-eabi/7.3.1/../../../../arm-none-eabi/lib/thumb/v7e-m/fpv4-sp/hard\libc_nano.a(lib_a-ctype_.o)
 .ARM.attributes
                0x0000000000000bba       0x34 c:/st/stm32cubeide_1.0.1/stm32cubeide/plugins/com.st.stm32cube.ide.mcu.externaltools.gnu-tools-for-stm32.7-2018-q2-update.win32_1.0.0.201904181610/tools/bin/../lib/gcc/arm-none-eabi/7.3.1/../../../../arm-none-eabi/lib/thumb/v7e-m/fpv4-sp/hard\libc_nano.a(lib_a-nano-msizer.o)
 .ARM.attributes
                0x0000000000000bee       0x22 c:/st/stm32cubeide_1.0.1/stm32cubeide/plugins/com.st.stm32cube.ide.mcu.externaltools.gnu-tools-for-stm32.7-2018-q2-update.win32_1.0.0.201904181610/tools/bin/../lib/gcc/arm-none-eabi/7.3.1/thumb/v7e-m/fpv4-sp/hard\libgcc.a(_aeabi_uldivmod.o)
 .ARM.attributes
                0x0000000000000c10       0x34 c:/st/stm32cubeide_1.0.1/stm32cubeide/plugins/com.st.stm32cube.ide.mcu.externaltools.gnu-tools-for-stm32.7-2018-q2-update.win32_1.0.0.201904181610/tools/bin/../lib/gcc/arm-none-eabi/7.3.1/thumb/v7e-m/fpv4-sp/hard\libgcc.a(_udivmoddi4.o)
 .ARM.attributes
                0x0000000000000c44       0x22 c:/st/stm32cubeide_1.0.1/stm32cubeide/plugins/com.st.stm32cube.ide.mcu.externaltools.gnu-tools-for-stm32.7-2018-q2-update.win32_1.0.0.201904181610/tools/bin/../lib/gcc/arm-none-eabi/7.3.1/thumb/v7e-m/fpv4-sp/hard\libgcc.a(_dvmd_tls.o)
 .ARM.attributes
                0x0000000000000c66       0x22 c:/st/stm32cubeide_1.0.1/stm32cubeide/plugins/com.st.stm32cube.ide.mcu.externaltools.gnu-tools-for-stm32.7-2018-q2-update.win32_1.0.0.201904181610/tools/bin/../lib/gcc/arm-none-eabi/7.3.1/thumb/v7e-m/fpv4-sp/hard/crtn.o
OUTPUT(EL_LCD_3.0.1.elf elf32-littlearm)

.comment        0x0000000000000000       0x7b
 .comment       0x0000000000000000       0x7b Drivers/STM32F4xx_HAL_Driver/stm32f4xx_hal.o
                                         0x7c (size before relaxing)
 .comment       0x000000000000007b       0x7c Drivers/STM32F4xx_HAL_Driver/stm32f4xx_hal_cortex.o
 .comment       0x000000000000007b       0x7c Drivers/STM32F4xx_HAL_Driver/stm32f4xx_hal_dac.o
 .comment       0x000000000000007b       0x7c Drivers/STM32F4xx_HAL_Driver/stm32f4xx_hal_dac_ex.o
 .comment       0x000000000000007b       0x7c Drivers/STM32F4xx_HAL_Driver/stm32f4xx_hal_dma.o
 .comment       0x000000000000007b       0x7c Drivers/STM32F4xx_HAL_Driver/stm32f4xx_hal_gpio.o
 .comment       0x000000000000007b       0x7c Drivers/STM32F4xx_HAL_Driver/stm32f4xx_hal_rcc.o
 .comment       0x000000000000007b       0x7c Drivers/STM32F4xx_HAL_Driver/stm32f4xx_hal_rng.o
 .comment       0x000000000000007b       0x7c Drivers/STM32F4xx_HAL_Driver/stm32f4xx_hal_sd.o
 .comment       0x000000000000007b       0x7c Drivers/STM32F4xx_HAL_Driver/stm32f4xx_hal_tim.o
 .comment       0x000000000000007b       0x7c Drivers/STM32F4xx_HAL_Driver/stm32f4xx_hal_tim_ex.o
 .comment       0x000000000000007b       0x7c Drivers/STM32F4xx_HAL_Driver/stm32f4xx_hal_uart.o
 .comment       0x000000000000007b       0x7c Drivers/STM32F4xx_HAL_Driver/stm32f4xx_ll_sdmmc.o
 .comment       0x000000000000007b       0x7c Middlewares/FatFs/diskio.o
 .comment       0x000000000000007b       0x7c Middlewares/FatFs/ff.o
 .comment       0x000000000000007b       0x7c Middlewares/FatFs/ff_gen_drv.o
 .comment       0x000000000000007b       0x7c Src/bsp_driver_sd.o
 .comment       0x000000000000007b       0x7c Src/fatfs.o
 .comment       0x000000000000007b       0x7c Src/main.o
 .comment       0x000000000000007b       0x7c Src/sd_diskio.o
 .comment       0x000000000000007b       0x7c Src/stm32f4xx_hal_msp.o
 .comment       0x000000000000007b       0x7c Src/stm32f4xx_it.o
 .comment       0x000000000000007b       0x7c Src/sysmem.o
 .comment       0x000000000000007b       0x7c Src/system_stm32f4xx.o

.debug_frame    0x0000000000000000      0x968
 .debug_frame   0x0000000000000000       0x20 c:/st/stm32cubeide_1.0.1/stm32cubeide/plugins/com.st.stm32cube.ide.mcu.externaltools.gnu-tools-for-stm32.7-2018-q2-update.win32_1.0.0.201904181610/tools/bin/../lib/gcc/arm-none-eabi/7.3.1/../../../../arm-none-eabi/lib/thumb/v7e-m/fpv4-sp/hard\libc_nano.a(lib_a-errno.o)
 .debug_frame   0x0000000000000020       0x2c c:/st/stm32cubeide_1.0.1/stm32cubeide/plugins/com.st.stm32cube.ide.mcu.externaltools.gnu-tools-for-stm32.7-2018-q2-update.win32_1.0.0.201904181610/tools/bin/../lib/gcc/arm-none-eabi/7.3.1/../../../../arm-none-eabi/lib/thumb/v7e-m/fpv4-sp/hard\libc_nano.a(lib_a-init.o)
 .debug_frame   0x000000000000004c       0x28 c:/st/stm32cubeide_1.0.1/stm32cubeide/plugins/com.st.stm32cube.ide.mcu.externaltools.gnu-tools-for-stm32.7-2018-q2-update.win32_1.0.0.201904181610/tools/bin/../lib/gcc/arm-none-eabi/7.3.1/../../../../arm-none-eabi/lib/thumb/v7e-m/fpv4-sp/hard\libc_nano.a(lib_a-memcpy-stub.o)
 .debug_frame   0x0000000000000074       0x20 c:/st/stm32cubeide_1.0.1/stm32cubeide/plugins/com.st.stm32cube.ide.mcu.externaltools.gnu-tools-for-stm32.7-2018-q2-update.win32_1.0.0.201904181610/tools/bin/../lib/gcc/arm-none-eabi/7.3.1/../../../../arm-none-eabi/lib/thumb/v7e-m/fpv4-sp/hard\libc_nano.a(lib_a-memset.o)
 .debug_frame   0x0000000000000094       0x38 c:/st/stm32cubeide_1.0.1/stm32cubeide/plugins/com.st.stm32cube.ide.mcu.externaltools.gnu-tools-for-stm32.7-2018-q2-update.win32_1.0.0.201904181610/tools/bin/../lib/gcc/arm-none-eabi/7.3.1/../../../../arm-none-eabi/lib/thumb/v7e-m/fpv4-sp/hard\libc_nano.a(lib_a-nano-freer.o)
 .debug_frame   0x00000000000000cc       0x2c c:/st/stm32cubeide_1.0.1/stm32cubeide/plugins/com.st.stm32cube.ide.mcu.externaltools.gnu-tools-for-stm32.7-2018-q2-update.win32_1.0.0.201904181610/tools/bin/../lib/gcc/arm-none-eabi/7.3.1/../../../../arm-none-eabi/lib/thumb/v7e-m/fpv4-sp/hard\libc_nano.a(lib_a-nano-mallocr.o)
 .debug_frame   0x00000000000000f8       0x2c c:/st/stm32cubeide_1.0.1/stm32cubeide/plugins/com.st.stm32cube.ide.mcu.externaltools.gnu-tools-for-stm32.7-2018-q2-update.win32_1.0.0.201904181610/tools/bin/../lib/gcc/arm-none-eabi/7.3.1/../../../../arm-none-eabi/lib/thumb/v7e-m/fpv4-sp/hard\libc_nano.a(lib_a-sbrkr.o)
 .debug_frame   0x0000000000000124       0x6c c:/st/stm32cubeide_1.0.1/stm32cubeide/plugins/com.st.stm32cube.ide.mcu.externaltools.gnu-tools-for-stm32.7-2018-q2-update.win32_1.0.0.201904181610/tools/bin/../lib/gcc/arm-none-eabi/7.3.1/../../../../arm-none-eabi/lib/thumb/v7e-m/fpv4-sp/hard\libc_nano.a(lib_a-sprintf.o)
 .debug_frame   0x0000000000000190       0x80 c:/st/stm32cubeide_1.0.1/stm32cubeide/plugins/com.st.stm32cube.ide.mcu.externaltools.gnu-tools-for-stm32.7-2018-q2-update.win32_1.0.0.201904181610/tools/bin/../lib/gcc/arm-none-eabi/7.3.1/../../../../arm-none-eabi/lib/thumb/v7e-m/fpv4-sp/hard\libc_nano.a(lib_a-sscanf.o)
 .debug_frame   0x0000000000000210       0x88 c:/st/stm32cubeide_1.0.1/stm32cubeide/plugins/com.st.stm32cube.ide.mcu.externaltools.gnu-tools-for-stm32.7-2018-q2-update.win32_1.0.0.201904181610/tools/bin/../lib/gcc/arm-none-eabi/7.3.1/../../../../arm-none-eabi/lib/thumb/v7e-m/fpv4-sp/hard\libc_nano.a(lib_a-stdio.o)