main.c:866:6:SRAM_Write.part.3	24	static
main.c:308:6:Demo_Mode	0	static
main.c:314:6:Normal_mode	0	static
main.c:322:10:RandomNumber	24	static
main.c:340:6:Load_SoundList	4168	static
main.c:357:9:Load_PlayList	128	static
main.c:394:6:Load_Setting	4176	static
main.c:590:6:PlayStop	8	static
main.c:569:6:PlayUpdate.part.0	16	static
main.c:569:6:PlayUpdate	0	static
main.c:597:9:PlayStart	32	static
main.c:550:9:PlaySound	32	static
main.c:560:9:PlayMusic	32	static
main.c:519:6:Music_Check.part.2	24	static
main.c:519:6:Music_Check	0	static
main.c:628:10:len	0	static
main.c:636:6:ReadState	16	static
main.c:435:6:Sound_Check	16	static
main.c:754:6:SRAM_Precharge	8	static
main.c:791:6:SRAM_AutoRefresh	4	static
main.c:825:6:SRAM_RowBankActive	16	static
main.c:866:6:SRAM_Write	4	static
main.c:934:6:SRAM_RegisterSet	16	static
main.c:949:6:SRAM_BurstStop	4	static
main.c:983:6:SRAM_Init	8	static
main.c:993:6:ColorRam	24	static
main.c:1063:9:PicToRam	96384	static
main.c:1403:6:LCD_Display	16	static
main.c:1408:6:LCD_Init	8	static
main.c:1413:6:LCD_Hsync	20	static
main.c:1515:6:LCD_Show	24	static
main.c:1557:6:Slide_Show	56	static
main.c:1643:6:SystemClock_Config	96	static
main.c:155:5:main	4224	static
main.c:1956:6:Error_Handler	0	static
