stm32f4xx_hal_msp.c:65:6:HAL_MspInit	8	static
stm32f4xx_hal_msp.c:87:6:HAL_DAC_MspInit	48	static
stm32f4xx_hal_msp.c:139:6:HAL_DAC_MspDeInit	8	static
stm32f4xx_hal_msp.c:169:6:HAL_RNG_MspInit	8	static
stm32f4xx_hal_msp.c:191:6:HAL_RNG_MspDeInit	0	static
stm32f4xx_hal_msp.c:213:6:HAL_SD_MspInit	56	static
stm32f4xx_hal_msp.c:262:6:HAL_SD_MspDeInit	8	static
stm32f4xx_hal_msp.c:298:6:HAL_TIM_Base_MspInit	8	static
stm32f4xx_hal_msp.c:320:6:HAL_TIM_Base_MspDeInit	0	static
stm32f4xx_hal_msp.c:342:6:HAL_UART_MspInit	48	static
stm32f4xx_hal_msp.c:378:6:HAL_UART_MspDeInit	0	static
